Archive member included to satisfy reference by file (symbol)

c:/program files (x86)/atollic/truestudio for arm 8.0.0/armtools/bin/../lib/gcc/arm-atollic-eabi/6.3.1/../../../../arm-atollic-eabi/lib/armv7-m\libc_nano.a(lib_a-memset.o)
                              Drivers\STM32F1xx_HAL_Driver\Src\stm32f1xx_hal_rcc.o (memset)
c:/program files (x86)/atollic/truestudio for arm 8.0.0/armtools/bin/../lib/gcc/arm-atollic-eabi/6.3.1/../../../../arm-atollic-eabi/lib/armv7-m\libc_nano.a(lib_a-sprintf.o)
                              Src\main.o (sprintf)
c:/program files (x86)/atollic/truestudio for arm 8.0.0/armtools/bin/../lib/gcc/arm-atollic-eabi/6.3.1/../../../../arm-atollic-eabi/lib/armv7-m\libc_nano.a(lib_a-impure.o)
                              c:/program files (x86)/atollic/truestudio for arm 8.0.0/armtools/bin/../lib/gcc/arm-atollic-eabi/6.3.1/../../../../arm-atollic-eabi/lib/armv7-m\libc_nano.a(lib_a-sprintf.o) (_impure_ptr)
c:/program files (x86)/atollic/truestudio for arm 8.0.0/armtools/bin/../lib/gcc/arm-atollic-eabi/6.3.1/../../../../arm-atollic-eabi/lib/armv7-m\libc_nano.a(lib_a-nano-svfprintf.o)
                              c:/program files (x86)/atollic/truestudio for arm 8.0.0/armtools/bin/../lib/gcc/arm-atollic-eabi/6.3.1/../../../../arm-atollic-eabi/lib/armv7-m\libc_nano.a(lib_a-sprintf.o) (_svfprintf_r)
c:/program files (x86)/atollic/truestudio for arm 8.0.0/armtools/bin/../lib/gcc/arm-atollic-eabi/6.3.1/../../../../arm-atollic-eabi/lib/armv7-m\libc_nano.a(lib_a-nano-vfprintf_i.o)
                              c:/program files (x86)/atollic/truestudio for arm 8.0.0/armtools/bin/../lib/gcc/arm-atollic-eabi/6.3.1/../../../../arm-atollic-eabi/lib/armv7-m\libc_nano.a(lib_a-nano-svfprintf.o) (_printf_i)
c:/program files (x86)/atollic/truestudio for arm 8.0.0/armtools/bin/../lib/gcc/arm-atollic-eabi/6.3.1/../../../../arm-atollic-eabi/lib/armv7-m\libc_nano.a(lib_a-memchr-stub.o)
                              c:/program files (x86)/atollic/truestudio for arm 8.0.0/armtools/bin/../lib/gcc/arm-atollic-eabi/6.3.1/../../../../arm-atollic-eabi/lib/armv7-m\libc_nano.a(lib_a-nano-svfprintf.o) (memchr)
c:/program files (x86)/atollic/truestudio for arm 8.0.0/armtools/bin/../lib/gcc/arm-atollic-eabi/6.3.1/../../../../arm-atollic-eabi/lib/armv7-m\libc_nano.a(lib_a-memcpy-stub.o)
                              c:/program files (x86)/atollic/truestudio for arm 8.0.0/armtools/bin/../lib/gcc/arm-atollic-eabi/6.3.1/../../../../arm-atollic-eabi/lib/armv7-m\libc_nano.a(lib_a-nano-svfprintf.o) (memcpy)
c:/program files (x86)/atollic/truestudio for arm 8.0.0/armtools/bin/../lib/gcc/arm-atollic-eabi/6.3.1/../../../../arm-atollic-eabi/lib/armv7-m\libc_nano.a(lib_a-memmove.o)
                              c:/program files (x86)/atollic/truestudio for arm 8.0.0/armtools/bin/../lib/gcc/arm-atollic-eabi/6.3.1/../../../../arm-atollic-eabi/lib/armv7-m\libc_nano.a(lib_a-nano-svfprintf.o) (memmove)
c:/program files (x86)/atollic/truestudio for arm 8.0.0/armtools/bin/../lib/gcc/arm-atollic-eabi/6.3.1/../../../../arm-atollic-eabi/lib/armv7-m\libc_nano.a(lib_a-nano-freer.o)
                              c:/program files (x86)/atollic/truestudio for arm 8.0.0/armtools/bin/../lib/gcc/arm-atollic-eabi/6.3.1/../../../../arm-atollic-eabi/lib/armv7-m\libc_nano.a(lib_a-nano-svfprintf.o) (_free_r)
c:/program files (x86)/atollic/truestudio for arm 8.0.0/armtools/bin/../lib/gcc/arm-atollic-eabi/6.3.1/../../../../arm-atollic-eabi/lib/armv7-m\libc_nano.a(lib_a-nano-mallocr.o)
                              c:/program files (x86)/atollic/truestudio for arm 8.0.0/armtools/bin/../lib/gcc/arm-atollic-eabi/6.3.1/../../../../arm-atollic-eabi/lib/armv7-m\libc_nano.a(lib_a-nano-svfprintf.o) (_malloc_r)
c:/program files (x86)/atollic/truestudio for arm 8.0.0/armtools/bin/../lib/gcc/arm-atollic-eabi/6.3.1/../../../../arm-atollic-eabi/lib/armv7-m\libc_nano.a(lib_a-nano-reallocr.o)
                              c:/program files (x86)/atollic/truestudio for arm 8.0.0/armtools/bin/../lib/gcc/arm-atollic-eabi/6.3.1/../../../../arm-atollic-eabi/lib/armv7-m\libc_nano.a(lib_a-nano-svfprintf.o) (_realloc_r)
c:/program files (x86)/atollic/truestudio for arm 8.0.0/armtools/bin/../lib/gcc/arm-atollic-eabi/6.3.1/../../../../arm-atollic-eabi/lib/armv7-m\libc_nano.a(lib_a-sbrkr.o)
                              c:/program files (x86)/atollic/truestudio for arm 8.0.0/armtools/bin/../lib/gcc/arm-atollic-eabi/6.3.1/../../../../arm-atollic-eabi/lib/armv7-m\libc_nano.a(lib_a-nano-mallocr.o) (_sbrk_r)
c:/program files (x86)/atollic/truestudio for arm 8.0.0/armtools/bin/../lib/gcc/arm-atollic-eabi/6.3.1/../../../../arm-atollic-eabi/lib/armv7-m\libc_nano.a(lib_a-mlock.o)
                              c:/program files (x86)/atollic/truestudio for arm 8.0.0/armtools/bin/../lib/gcc/arm-atollic-eabi/6.3.1/../../../../arm-atollic-eabi/lib/armv7-m\libc_nano.a(lib_a-nano-freer.o) (__malloc_lock)
[...]
Memory Configuration

Name             Origin             Length             Attributes
RAM              0x20000000         0x00010000         xrw
FLASH            0x08000000         0x00040000         xr
*default*        0x00000000         0xffffffff

Linker script and memory map

LOAD c:/program files (x86)/atollic/truestudio for arm 8.0.0/armtools/bin/../lib/gcc/arm-atollic-eabi/6.3.1/armv7-m/crti.o
LOAD c:/program files (x86)/atollic/truestudio for arm 8.0.0/armtools/bin/../lib/gcc/arm-atollic-eabi/6.3.1/armv7-m/crtbegin.o
LOAD Drivers\STM32F1xx_HAL_Driver\Src\stm32f1xx_hal.o
LOAD Drivers\STM32F1xx_HAL_Driver\Src\stm32f1xx_hal_adc.o
LOAD Drivers\STM32F1xx_HAL_Driver\Src\stm32f1xx_hal_adc_ex.o
LOAD Drivers\STM32F1xx_HAL_Driver\Src\stm32f1xx_hal_cortex.o
LOAD Drivers\STM32F1xx_HAL_Driver\Src\stm32f1xx_hal_dma.o
LOAD Drivers\STM32F1xx_HAL_Driver\Src\stm32f1xx_hal_flash.o
LOAD Drivers\STM32F1xx_HAL_Driver\Src\stm32f1xx_hal_flash_ex.o
LOAD Drivers\STM32F1xx_HAL_Driver\Src\stm32f1xx_hal_gpio.o
LOAD Drivers\STM32F1xx_HAL_Driver\Src\stm32f1xx_hal_gpio_ex.o
LOAD Drivers\STM32F1xx_HAL_Driver\Src\stm32f1xx_hal_pwr.o
LOAD Drivers\STM32F1xx_HAL_Driver\Src\stm32f1xx_hal_rcc.o
LOAD Drivers\STM32F1xx_HAL_Driver\Src\stm32f1xx_hal_rcc_ex.o
LOAD Drivers\STM32F1xx_HAL_Driver\Src\stm32f1xx_hal_tim.o
LOAD Drivers\STM32F1xx_HAL_Driver\Src\stm32f1xx_hal_tim_ex.o
LOAD Drivers\STM32F1xx_HAL_Driver\Src\stm32f1xx_hal_uart.o
LOAD Src\main.o
LOAD Src\stm32f1xx_hal_msp.o
LOAD Src\stm32f1xx_it.o
LOAD Src\system_stm32f1xx.o
LOAD startup\startup_stm32f105xc.o
                0x00000080                malloc_getpagesize_P = 0x80
START GROUP
LOAD c:/program files (x86)/atollic/truestudio for arm 8.0.0/armtools/bin/../lib/gcc/arm-atollic-eabi/6.3.1/../../../../arm-atollic-eabi/lib/armv7-m\libc_nano.a
LOAD c:/program files (x86)/atollic/truestudio for arm 8.0.0/armtools/bin/../lib/gcc/arm-atollic-eabi/6.3.1/../../../../arm-atollic-eabi/lib/armv7-m\libm.a
END GROUP
START GROUP
LOAD c:/program files (x86)/atollic/truestudio for arm 8.0.0/armtools/bin/../lib/gcc/arm-atollic-eabi/6.3.1/armv7-m\libgcc.a
LOAD c:/program files (x86)/atollic/truestudio for arm 8.0.0/armtools/bin/../lib/gcc/arm-atollic-eabi/6.3.1/../../../../arm-atollic-eabi/lib/armv7-m\libc_nano.a
END GROUP
START GROUP
LOAD c:/program files (x86)/atollic/truestudio for arm 8.0.0/armtools/bin/../lib/gcc/arm-atollic-eabi/6.3.1/armv7-m\libgcc.a
LOAD c:/program files (x86)/atollic/truestudio for arm 8.0.0/armtools/bin/../lib/gcc/arm-atollic-eabi/6.3.1/../../../../arm-atollic-eabi/lib/armv7-m\libc_nano.a
LOAD c:/program files (x86)/atollic/truestudio for arm 8.0.0/armtools/bin/../lib/gcc/arm-atollic-eabi/6.3.1/../../../../arm-atollic-eabi/lib/armv7-m\libnosys.a
END GROUP
START GROUP
LOAD c:/program files (x86)/atollic/truestudio for arm 8.0.0/armtools/bin/../lib/gcc/arm-atollic-eabi/6.3.1/armv7-m\libgcc.a
LOAD c:/program files (x86)/atollic/truestudio for arm 8.0.0/armtools/bin/../lib/gcc/arm-atollic-eabi/6.3.1/../../../../arm-atollic-eabi/lib/armv7-m\libc_nano.a
LOAD c:/program files (x86)/atollic/truestudio for arm 8.0.0/armtools/bin/../lib/gcc/arm-atollic-eabi/6.3.1/../../../../arm-atollic-eabi/lib/armv7-m\libnosys.a
END GROUP
LOAD c:/program files (x86)/atollic/truestudio for arm 8.0.0/armtools/bin/../lib/gcc/arm-atollic-eabi/6.3.1/armv7-m/crtend.o
LOAD c:/program files (x86)/atollic/truestudio for arm 8.0.0/armtools/bin/../lib/gcc/arm-atollic-eabi/6.3.1/armv7-m/crtn.o
                0x20010000                _estack = 0x20010000
                0x00000200                _Min_Heap_Size = 0x200
                0x00000400                _Min_Stack_Size = 0x400

.isr_vector     0x08000000      0x1e4
                0x08000000                . = ALIGN (0x4)
 *(.isr_vector)
 .isr_vector    0x08000000      0x1e4 startup\startup_stm32f105xc.o
                0x08000000                g_pfnVectors
                0x080001e4                . = ALIGN (0x4)

.text           0x080001e8     0x5060
                0x080001e8                . = ALIGN (0x4)
 *(.text)
 .text          0x080001e8       0x40 c:/program files (x86)/atollic/truestudio for arm 8.0.0/armtools/bin/../lib/gcc/arm-atollic-eabi/6.3.1/armv7-m/crtbegin.o
 .text          0x08000228      0x370 c:/program files (x86)/atollic/truestudio for arm 8.0.0/armtools/bin/../lib/gcc/arm-atollic-eabi/6.3.1/armv7-m\libgcc.a(_arm_addsubdf3.o)
                0x08000228                __aeabi_drsub
                0x08000230                __aeabi_dsub
                0x08000230                __subdf3
                0x08000234                __aeabi_dadd
                0x08000234                __adddf3
                0x080004ac                __floatunsidf
                0x080004ac                __aeabi_ui2d
                0x080004cc                __floatsidf
                0x080004cc                __aeabi_i2d
                0x080004f0                __aeabi_f2d
                0x080004f0                __extendsfdf2
                0x0800052c                __floatundidf
                0x0800052c                __aeabi_ul2d
                0x0800053c                __floatdidf
                0x0800053c                __aeabi_l2d
 .text          0x08000598      0x424 c:/program files (x86)/atollic/truestudio for arm 8.0.0/armtools/bin/../lib/gcc/arm-atollic-eabi/6.3.1/armv7-m\libgcc.a(_arm_muldivdf3.o)
                0x08000598                __aeabi_dmul
                0x08000598                __muldf3
                0x080007ec                __divdf3
                0x080007ec                __aeabi_ddiv
 .text          0x080009bc      0x110 c:/program files (x86)/atollic/truestudio for arm 8.0.0/armtools/bin/../lib/gcc/arm-atollic-eabi/6.3.1/armv7-m\libgcc.a(_arm_cmpdf2.o)
                0x080009bc                __gtdf2
                0x080009bc                __gedf2
                0x080009c4                __ltdf2
                0x080009c4                __ledf2
                0x080009cc                __nedf2
                0x080009cc                __eqdf2
                0x080009cc                __cmpdf2
                0x08000a48                __aeabi_cdrcmple
                0x08000a58                __aeabi_cdcmpeq
                0x08000a58                __aeabi_cdcmple
                0x08000a68                __aeabi_dcmpeq
                0x08000a7c                __aeabi_dcmplt
                0x08000a90                __aeabi_dcmple
                0x08000aa4                __aeabi_dcmpge
                0x08000ab8                __aeabi_dcmpgt
 .text          0x08000acc       0xa0 c:/program files (x86)/atollic/truestudio for arm 8.0.0/armtools/bin/../lib/gcc/arm-atollic-eabi/6.3.1/armv7-m\libgcc.a(_arm_truncdfsf2.o)
                0x08000acc                __truncdfsf2
                0x08000acc                __aeabi_d2f
 .text          0x08000b6c      0x21c c:/program files (x86)/atollic/truestudio for arm 8.0.0/armtools/bin/../lib/gcc/arm-atollic-eabi/6.3.1/armv7-m\libgcc.a(_arm_addsubsf3.o)
                0x08000b6c                __aeabi_frsub
                0x08000b74                __subsf3
                0x08000b74                __aeabi_fsub
                0x08000b78                __aeabi_fadd
                0x08000b78                __addsf3
                0x08000cd8                __aeabi_ui2f
                0x08000cd8                __floatunsisf
                0x08000ce0                __aeabi_i2f
                0x08000ce0                __floatsisf
                0x08000cfc                __aeabi_ul2f
                0x08000cfc                __floatundisf
                0x08000d0c                __aeabi_l2f
                0x08000d0c                __floatdisf
 .text          0x08000d88      0x2a0 c:/program files (x86)/atollic/truestudio for arm 8.0.0/armtools/bin/../lib/gcc/arm-atollic-eabi/6.3.1/armv7-m\libgcc.a(_arm_muldivsf3.o)
                0x08000d88                __mulsf3
                0x08000d88                __aeabi_fmul
                0x08000ef0                __aeabi_fdiv
                0x08000ef0                __divsf3
 .text          0x08001028       0xec c:/program files (x86)/atollic/truestudio for arm 8.0.0/armtools/bin/../lib/gcc/arm-atollic-eabi/6.3.1/armv7-m\libgcc.a(_arm_cmpsf2.o)
                0x08001028                __gesf2
                0x08001028                __gtsf2
                0x08001030                __lesf2
                0x08001030                __ltsf2
                0x08001038                __nesf2
                0x08001038                __eqsf2
                0x08001038                __cmpsf2
                0x08001098                __aeabi_cfrcmple
                0x080010a0                __aeabi_cfcmpeq
                0x080010a0                __aeabi_cfcmple
                0x080010b0                __aeabi_fcmpeq
                0x080010c4                __aeabi_fcmplt
                0x080010d8                __aeabi_fcmple
                0x080010ec                __aeabi_fcmpge
                0x08001100                __aeabi_fcmpgt
 .text          0x08001114       0x40 c:/program files (x86)/atollic/truestudio for arm 8.0.0/armtools/bin/../lib/gcc/arm-atollic-eabi/6.3.1/armv7-m\libgcc.a(_arm_fixunssfsi.o)
                0x08001114                __fixunssfsi
                0x08001114                __aeabi_f2uiz
 *(.text*)
 .text.HAL_InitTick
                0x08001154       0x24 Drivers\STM32F1xx_HAL_Driver\Src\stm32f1xx_hal.o
                0x08001154                HAL_InitTick
 .text.HAL_Init
                0x08001178       0x24 Drivers\STM32F1xx_HAL_Driver\Src\stm32f1xx_hal.o
                0x08001178                HAL_Init
 .text.HAL_IncTick
                0x0800119c       0x10 Drivers\STM32F1xx_HAL_Driver\Src\stm32f1xx_hal.o
                0x0800119c                HAL_IncTick
 .text.HAL_GetTick
                0x080011ac        0xc Drivers\STM32F1xx_HAL_Driver\Src\stm32f1xx_hal.o
                0x080011ac                HAL_GetTick
 .text.HAL_Delay
                0x080011b8       0x1a Drivers\STM32F1xx_HAL_Driver\Src\stm32f1xx_hal.o
                0x080011b8                HAL_Delay
 .text.HAL_ADC_ConvCpltCallback
                0x080011d2        0x2 Drivers\STM32F1xx_HAL_Driver\Src\stm32f1xx_hal_adc.o
                0x080011d2                HAL_ADC_ConvCpltCallback
 .text.ADC_DMAConvCplt
                0x080011d4       0x4e Drivers\STM32F1xx_HAL_Driver\Src\stm32f1xx_hal_adc.o
                0x080011d4                ADC_DMAConvCplt
 .text.HAL_ADC_ConvHalfCpltCallback
                0x08001222        0x2 Drivers\STM32F1xx_HAL_Driver\Src\stm32f1xx_hal_adc.o
                0x08001222                HAL_ADC_ConvHalfCpltCallback
 .text.ADC_DMAHalfConvCplt
                0x08001224        0xa Drivers\STM32F1xx_HAL_Driver\Src\stm32f1xx_hal_adc.o
                0x08001224                ADC_DMAHalfConvCplt
 .text.HAL_ADC_ErrorCallback
                0x0800122e        0x2 Drivers\STM32F1xx_HAL_Driver\Src\stm32f1xx_hal_adc.o
                0x0800122e                HAL_ADC_ErrorCallback
 .text.ADC_DMAError
                0x08001230       0x1a Drivers\STM32F1xx_HAL_Driver\Src\stm32f1xx_hal_adc.o
                0x08001230                ADC_DMAError
 *fill*         0x0800124a        0x2 
 .text.HAL_ADC_ConfigChannel
                0x0800124c      0x180 Drivers\STM32F1xx_HAL_Driver\Src\stm32f1xx_hal_adc.o
                0x0800124c                HAL_ADC_ConfigChannel
 .text.ADC_Enable
                0x080013cc       0x70 Drivers\STM32F1xx_HAL_Driver\Src\stm32f1xx_hal_adc.o
                0x080013cc                ADC_Enable
 .text.HAL_ADC_Start_DMA
                0x0800143c      0x11c Drivers\STM32F1xx_HAL_Driver\Src\stm32f1xx_hal_adc.o
                0x0800143c                HAL_ADC_Start_DMA
 .text.ADC_ConversionStop_Disable
                0x08001558       0x44 Drivers\STM32F1xx_HAL_Driver\Src\stm32f1xx_hal_adc.o
                0x08001558                ADC_ConversionStop_Disable
 .text.HAL_ADC_Init
                0x0800159c      0x128 Drivers\STM32F1xx_HAL_Driver\Src\stm32f1xx_hal_adc.o
                0x0800159c                HAL_ADC_Init
 .text.HAL_NVIC_SetPriorityGrouping
                0x080016c4       0x24 Drivers\STM32F1xx_HAL_Driver\Src\stm32f1xx_hal_cortex.o
                0x080016c4                HAL_NVIC_SetPriorityGrouping
 .text.HAL_NVIC_SetPriority
                0x080016e8       0x68 Drivers\STM32F1xx_HAL_Driver\Src\stm32f1xx_hal_cortex.o
                0x080016e8                HAL_NVIC_SetPriority
 .text.HAL_NVIC_EnableIRQ
                0x08001750       0x18 Drivers\STM32F1xx_HAL_Driver\Src\stm32f1xx_hal_cortex.o
                0x08001750                HAL_NVIC_EnableIRQ
 .text.HAL_SYSTICK_Config
                0x08001768       0x2c Drivers\STM32F1xx_HAL_Driver\Src\stm32f1xx_hal_cortex.o
                0x08001768                HAL_SYSTICK_Config
 .text.HAL_SYSTICK_CLKSourceConfig
                0x08001794       0x18 Drivers\STM32F1xx_HAL_Driver\Src\stm32f1xx_hal_cortex.o
                0x08001794                HAL_SYSTICK_CLKSourceConfig
 .text.HAL_SYSTICK_Callback
                0x080017ac        0x2 Drivers\STM32F1xx_HAL_Driver\Src\stm32f1xx_hal_cortex.o
                0x080017ac                HAL_SYSTICK_Callback
 .text.HAL_SYSTICK_IRQHandler
                0x080017ae        0x8 Drivers\STM32F1xx_HAL_Driver\Src\stm32f1xx_hal_cortex.o
                0x080017ae                HAL_SYSTICK_IRQHandler
 .text.HAL_DMA_Init
                0x080017b6       0x4a Drivers\STM32F1xx_HAL_Driver\Src\stm32f1xx_hal_dma.o
                0x080017b6                HAL_DMA_Init
 .text.HAL_DMA_Start_IT
                0x08001800       0x5a Drivers\STM32F1xx_HAL_Driver\Src\stm32f1xx_hal_dma.o
                0x08001800                HAL_DMA_Start_IT
 *fill*         0x0800185a        0x2 
 .text.HAL_DMA_IRQHandler
                0x0800185c      0x450 Drivers\STM32F1xx_HAL_Driver\Src\stm32f1xx_hal_dma.o
                0x0800185c                HAL_DMA_IRQHandler
 .text.HAL_GPIO_Init
                0x08001cac      0x1c0 Drivers\STM32F1xx_HAL_Driver\Src\stm32f1xx_hal_gpio.o
                0x08001cac                HAL_GPIO_Init
 .text.HAL_GPIO_WritePin
                0x08001e6c        0xa Drivers\STM32F1xx_HAL_Driver\Src\stm32f1xx_hal_gpio.o
                0x08001e6c                HAL_GPIO_WritePin
 .text.HAL_GPIO_TogglePin
                0x08001e76        0x8 Drivers\STM32F1xx_HAL_Driver\Src\stm32f1xx_hal_gpio.o
                0x08001e76                HAL_GPIO_TogglePin
 .text.HAL_GPIO_EXTI_Callback
                0x08001e7e        0x2 Drivers\STM32F1xx_HAL_Driver\Src\stm32f1xx_hal_gpio.o
                0x08001e7e                HAL_GPIO_EXTI_Callback
 .text.HAL_GPIO_EXTI_IRQHandler
                0x08001e80       0x18 Drivers\STM32F1xx_HAL_Driver\Src\stm32f1xx_hal_gpio.o
                0x08001e80                HAL_GPIO_EXTI_IRQHandler
 .text.HAL_RCC_OscConfig
                0x08001e98      0x5f4 Drivers\STM32F1xx_HAL_Driver\Src\stm32f1xx_hal_rcc.o
                0x08001e98                HAL_RCC_OscConfig
 .text.HAL_RCC_GetSysClockFreq
                0x0800248c       0xfc Drivers\STM32F1xx_HAL_Driver\Src\stm32f1xx_hal_rcc.o
                0x0800248c                HAL_RCC_GetSysClockFreq
 .text.HAL_RCC_ClockConfig
                0x08002588      0x168 Drivers\STM32F1xx_HAL_Driver\Src\stm32f1xx_hal_rcc.o
                0x08002588                HAL_RCC_ClockConfig
 .text.HAL_RCC_GetHCLKFreq
                0x080026f0        0xc Drivers\STM32F1xx_HAL_Driver\Src\stm32f1xx_hal_rcc.o
                0x080026f0                HAL_RCC_GetHCLKFreq
 .text.HAL_RCC_GetPCLK1Freq
                0x080026fc       0x30 Drivers\STM32F1xx_HAL_Driver\Src\stm32f1xx_hal_rcc.o
                0x080026fc                HAL_RCC_GetPCLK1Freq
 .text.HAL_RCC_GetPCLK2Freq
                0x0800272c       0x30 Drivers\STM32F1xx_HAL_Driver\Src\stm32f1xx_hal_rcc.o
                0x0800272c                HAL_RCC_GetPCLK2Freq
 .text.HAL_RCCEx_PeriphCLKConfig
                0x0800275c      0x1cc Drivers\STM32F1xx_HAL_Driver\Src\stm32f1xx_hal_rcc_ex.o
                0x0800275c                HAL_RCCEx_PeriphCLKConfig
 .text.TIM_OC1_SetConfig
                0x08002928       0x50 Drivers\STM32F1xx_HAL_Driver\Src\stm32f1xx_hal_tim.o
 .text.TIM_OC3_SetConfig
                0x08002978       0x54 Drivers\STM32F1xx_HAL_Driver\Src\stm32f1xx_hal_tim.o
 .text.TIM_OC4_SetConfig
                0x080029cc       0x44 Drivers\STM32F1xx_HAL_Driver\Src\stm32f1xx_hal_tim.o
 .text.HAL_TIM_Base_Start_IT
                0x08002a10       0x16 Drivers\STM32F1xx_HAL_Driver\Src\stm32f1xx_hal_tim.o
                0x08002a10                HAL_TIM_Base_Start_IT
 .text.HAL_TIM_OC_MspInit
                0x08002a26        0x2 Drivers\STM32F1xx_HAL_Driver\Src\stm32f1xx_hal_tim.o
                0x08002a26                HAL_TIM_OC_MspInit
 .text.HAL_TIM_PWM_MspInit
                0x08002a28        0x2 Drivers\STM32F1xx_HAL_Driver\Src\stm32f1xx_hal_tim.o
                0x08002a28                HAL_TIM_PWM_MspInit
 .text.HAL_TIM_ConfigClockSource
                0x08002a2a      0x172 Drivers\STM32F1xx_HAL_Driver\Src\stm32f1xx_hal_tim.o
                0x08002a2a                HAL_TIM_ConfigClockSource
 .text.HAL_TIM_OC_DelayElapsedCallback
                0x08002b9c        0x2 Drivers\STM32F1xx_HAL_Driver\Src\stm32f1xx_hal_tim.o
                0x08002b9c                HAL_TIM_OC_DelayElapsedCallback
 .text.HAL_TIM_IC_CaptureCallback
                0x08002b9e        0x2 Drivers\STM32F1xx_HAL_Driver\Src\stm32f1xx_hal_tim.o
                0x08002b9e                HAL_TIM_IC_CaptureCallback
 .text.HAL_TIM_PWM_PulseFinishedCallback
                0x08002ba0        0x2 Drivers\STM32F1xx_HAL_Driver\Src\stm32f1xx_hal_tim.o
                0x08002ba0                HAL_TIM_PWM_PulseFinishedCallback
 .text.HAL_TIM_TriggerCallback
                0x08002ba2        0x2 Drivers\STM32F1xx_HAL_Driver\Src\stm32f1xx_hal_tim.o
                0x08002ba2                HAL_TIM_TriggerCallback
 .text.HAL_TIM_IRQHandler
                0x08002ba4      0x144 Drivers\STM32F1xx_HAL_Driver\Src\stm32f1xx_hal_tim.o
                0x08002ba4                HAL_TIM_IRQHandler
 .text.TIM_Base_SetConfig
                0x08002ce8       0x78 Drivers\STM32F1xx_HAL_Driver\Src\stm32f1xx_hal_tim.o
                0x08002ce8                TIM_Base_SetConfig
 .text.HAL_TIM_Base_Init
                0x08002d60       0x34 Drivers\STM32F1xx_HAL_Driver\Src\stm32f1xx_hal_tim.o
                0x08002d60                HAL_TIM_Base_Init
 .text.HAL_TIM_OC_Init
                0x08002d94       0x34 Drivers\STM32F1xx_HAL_Driver\Src\stm32f1xx_hal_tim.o
                0x08002d94                HAL_TIM_OC_Init
 .text.HAL_TIM_PWM_Init
                0x08002dc8       0x34 Drivers\STM32F1xx_HAL_Driver\Src\stm32f1xx_hal_tim.o
                0x08002dc8                HAL_TIM_PWM_Init
 .text.TIM_OC2_SetConfig
                0x08002dfc       0x58 Drivers\STM32F1xx_HAL_Driver\Src\stm32f1xx_hal_tim.o
                0x08002dfc                TIM_OC2_SetConfig
 .text.HAL_TIM_OC_ConfigChannel
                0x08002e54       0x5c Drivers\STM32F1xx_HAL_Driver\Src\stm32f1xx_hal_tim.o
                0x08002e54                HAL_TIM_OC_ConfigChannel
 .text.HAL_TIM_PWM_ConfigChannel
                0x08002eb0       0xc4 Drivers\STM32F1xx_HAL_Driver\Src\stm32f1xx_hal_tim.o
                0x08002eb0                HAL_TIM_PWM_ConfigChannel
 .text.TIM_CCxChannelCmd
                0x08002f74       0x18 Drivers\STM32F1xx_HAL_Driver\Src\stm32f1xx_hal_tim.o
                0x08002f74                TIM_CCxChannelCmd
 .text.HAL_TIM_PWM_Start
                0x08002f8c       0x2c Drivers\STM32F1xx_HAL_Driver\Src\stm32f1xx_hal_tim.o
                0x08002f8c                HAL_TIM_PWM_Start
 .text.HAL_TIMEx_MasterConfigSynchronization
                0x08002fb8       0x44 Drivers\STM32F1xx_HAL_Driver\Src\stm32f1xx_hal_tim_ex.o
                0x08002fb8                HAL_TIMEx_MasterConfigSynchronization
 .text.HAL_TIMEx_CommutationCallback
                0x08002ffc        0x2 Drivers\STM32F1xx_HAL_Driver\Src\stm32f1xx_hal_tim_ex.o
                0x08002ffc                HAL_TIMEx_CommutationCallback
 .text.HAL_TIMEx_BreakCallback
                0x08002ffe        0x2 Drivers\STM32F1xx_HAL_Driver\Src\stm32f1xx_hal_tim_ex.o
                0x08002ffe                HAL_TIMEx_BreakCallback
 .text.UART_SetConfig
                0x08003000      0x13c Drivers\STM32F1xx_HAL_Driver\Src\stm32f1xx_hal_uart.o
 .text.HAL_UART_Init
                0x0800313c       0x58 Drivers\STM32F1xx_HAL_Driver\Src\stm32f1xx_hal_uart.o
                0x0800313c                HAL_UART_Init
 .text.HAL_UART_Transmit_IT
                0x08003194       0x54 Drivers\STM32F1xx_HAL_Driver\Src\stm32f1xx_hal_uart.o
                0x08003194                HAL_UART_Transmit_IT
 .text.HAL_UART_Transmit_DMA
                0x080031e8       0x84 Drivers\STM32F1xx_HAL_Driver\Src\stm32f1xx_hal_uart.o
                0x080031e8                HAL_UART_Transmit_DMA
 .text.HAL_UART_Receive_DMA
                0x0800326c       0x7c Drivers\STM32F1xx_HAL_Driver\Src\stm32f1xx_hal_uart.o
                0x0800326c                HAL_UART_Receive_DMA
 .text.HAL_UART_TxCpltCallback
                0x080032e8        0x2 Drivers\STM32F1xx_HAL_Driver\Src\stm32f1xx_hal_uart.o
                0x080032e8                HAL_UART_TxCpltCallback
 .text.UART_DMATransmitCplt
                0x080032ea       0x2c Drivers\STM32F1xx_HAL_Driver\Src\stm32f1xx_hal_uart.o
 .text.HAL_UART_TxHalfCpltCallback
                0x08003316        0x2 Drivers\STM32F1xx_HAL_Driver\Src\stm32f1xx_hal_uart.o
                0x08003316                HAL_UART_TxHalfCpltCallback
 .text.UART_DMATxHalfCplt
                0x08003318        0xa Drivers\STM32F1xx_HAL_Driver\Src\stm32f1xx_hal_uart.o
 .text.UART_DMAReceiveCplt
                0x08003322       0x32 Drivers\STM32F1xx_HAL_Driver\Src\stm32f1xx_hal_uart.o
 .text.HAL_UART_RxHalfCpltCallback
                0x08003354        0x2 Drivers\STM32F1xx_HAL_Driver\Src\stm32f1xx_hal_uart.o
                0x08003354                HAL_UART_RxHalfCpltCallback
 .text.UART_DMARxHalfCplt
                0x08003356        0xa Drivers\STM32F1xx_HAL_Driver\Src\stm32f1xx_hal_uart.o
 .text.HAL_UART_ErrorCallback
                0x08003360        0x2 Drivers\STM32F1xx_HAL_Driver\Src\stm32f1xx_hal_uart.o
                0x08003360                HAL_UART_ErrorCallback
 .text.UART_DMAError
                0x08003362       0x1e Drivers\STM32F1xx_HAL_Driver\Src\stm32f1xx_hal_uart.o
 .text.HAL_UART_IRQHandler
                0x08003380      0x188 Drivers\STM32F1xx_HAL_Driver\Src\stm32f1xx_hal_uart.o
                0x08003380                HAL_UART_IRQHandler
 .text.UART0_emulate_isr.part.0
                0x08003508       0x2c Src\main.o
 .text.processReadUART
                0x08003534      0x12c Src\main.o
                0x08003534                processReadUART
 .text.OutModem2
                0x08003660       0x18 Src\main.o
                0x08003660                OutModem2
 .text.processWriteUART
                0x08003678      0x2b4 Src\main.o
                0x08003678                processWriteUART
 .text.pushValuesToOldSES
                0x0800392c       0x30 Src\main.o
                0x0800392c                pushValuesToOldSES
 *fill*         0x0800395c        0x4 
 .text.HAL_TIM_PeriodElapsedCallback
                0x08003960      0x7e0 Src\main.o
                0x08003960                HAL_TIM_PeriodElapsedCallback
 .text.SystemClock_Config
                0x08004140       0x9c Src\main.o
                0x08004140                SystemClock_Config
 .text.startup.main
                0x080041dc      0x3ec Src\main.o
                0x080041dc                main
 .text.HAL_UART_RxCpltCallback
                0x080045c8       0x20 Src\main.o
                0x080045c8                HAL_UART_RxCpltCallback
 .text.Error_Handler
                0x080045e8        0x2 Src\main.o
                0x080045e8                Error_Handler
 *fill*         0x080045ea        0x2 
 .text.HAL_MspInit
                0x080045ec       0x8c Src\stm32f1xx_hal_msp.o
                0x080045ec                HAL_MspInit
 .text.HAL_ADC_MspInit
                0x08004678       0x8c Src\stm32f1xx_hal_msp.o
                0x08004678                HAL_ADC_MspInit
 .text.HAL_TIM_Base_MspInit
                0x08004704       0x88 Src\stm32f1xx_hal_msp.o
                0x08004704                HAL_TIM_Base_MspInit
 .text.HAL_TIM_MspPostInit
                0x0800478c       0x3c Src\stm32f1xx_hal_msp.o
                0x0800478c                HAL_TIM_MspPostInit
 .text.HAL_UART_MspInit
                0x080047c8       0xd4 Src\stm32f1xx_hal_msp.o
                0x080047c8                HAL_UART_MspInit
 .text.NMI_Handler
                0x0800489c        0x2 Src\stm32f1xx_it.o
                0x0800489c                NMI_Handler
 .text.HardFault_Handler
                0x0800489e        0x2 Src\stm32f1xx_it.o
                0x0800489e                HardFault_Handler
 .text.MemManage_Handler
                0x080048a0        0x2 Src\stm32f1xx_it.o
                0x080048a0                MemManage_Handler
 .text.BusFault_Handler
                0x080048a2        0x2 Src\stm32f1xx_it.o
                0x080048a2                BusFault_Handler
 .text.UsageFault_Handler
                0x080048a4        0x2 Src\stm32f1xx_it.o
                0x080048a4                UsageFault_Handler
 .text.SVC_Handler
                0x080048a6        0x2 Src\stm32f1xx_it.o
                0x080048a6                SVC_Handler
 .text.DebugMon_Handler
                0x080048a8        0x2 Src\stm32f1xx_it.o
                0x080048a8                DebugMon_Handler
 .text.PendSV_Handler
                0x080048aa        0x2 Src\stm32f1xx_it.o
                0x080048aa                PendSV_Handler
 .text.SysTick_Handler
                0x080048ac        0xe Src\stm32f1xx_it.o
                0x080048ac                SysTick_Handler
 .text.EXTI1_IRQHandler
                0x080048ba        0x6 Src\stm32f1xx_it.o
                0x080048ba                EXTI1_IRQHandler
 .text.EXTI2_IRQHandler
                0x080048c0       0x14 Src\stm32f1xx_it.o
                0x080048c0                EXTI2_IRQHandler
 .text.DMA1_Channel1_IRQHandler
                0x080048d4        0xc Src\stm32f1xx_it.o
                0x080048d4                DMA1_Channel1_IRQHandler
 .text.DMA1_Channel2_IRQHandler
                0x080048e0        0xc Src\stm32f1xx_it.o
                0x080048e0                DMA1_Channel2_IRQHandler
 .text.DMA1_Channel3_IRQHandler
                0x080048ec        0xc Src\stm32f1xx_it.o
                0x080048ec                DMA1_Channel3_IRQHandler
 .text.TIM2_IRQHandler
                0x080048f8        0xc Src\stm32f1xx_it.o
                0x080048f8                TIM2_IRQHandler
 .text.TIM4_IRQHandler
                0x08004904        0xc Src\stm32f1xx_it.o
                0x08004904                TIM4_IRQHandler
 .text.USART3_IRQHandler
                0x08004910        0xc Src\stm32f1xx_it.o
                0x08004910                USART3_IRQHandler
 .text.SystemInit
                0x0800491c       0x58 Src\system_stm32f1xx.o
                0x0800491c                SystemInit
 .text.Reset_Handler
                0x08004974       0x44 startup\startup_stm32f105xc.o
                0x08004974                Reset_Handler
 .text.Default_Handler
                0x080049b8        0x2 startup\startup_stm32f105xc.o
                0x080049b8                RTC_Alarm_IRQHandler
                0x080049b8                TIM1_CC_IRQHandler
                0x080049b8                TIM6_IRQHandler
                0x080049b8                PVD_IRQHandler
                0x080049b8                CAN2_RX1_IRQHandler
                0x080049b8                EXTI3_IRQHandler
                0x080049b8                EXTI0_IRQHandler
                0x080049b8                I2C2_EV_IRQHandler
                0x080049b8                CAN1_RX0_IRQHandler
                0x080049b8                CAN2_SCE_IRQHandler
                0x080049b8                ADC1_2_IRQHandler
                0x080049b8                SPI1_IRQHandler
                0x080049b8                TAMPER_IRQHandler
                0x080049b8                CAN2_RX0_IRQHandler
                0x080049b8                DMA2_Channel2_IRQHandler
                0x080049b8                DMA1_Channel4_IRQHandler
                0x080049b8                RTC_IRQHandler
                0x080049b8                DMA1_Channel7_IRQHandler
                0x080049b8                CAN1_RX1_IRQHandler
                0x080049b8                UART5_IRQHandler
                0x080049b8                DMA2_Channel1_IRQHandler
                0x080049b8                I2C1_EV_IRQHandler
                0x080049b8                DMA1_Channel6_IRQHandler
                0x080049b8                UART4_IRQHandler
                0x080049b8                DMA2_Channel4_IRQHandler
                0x080049b8                TIM3_IRQHandler
                0x080049b8                RCC_IRQHandler
                0x080049b8                TIM1_TRG_COM_IRQHandler
                0x080049b8                Default_Handler
                0x080049b8                EXTI15_10_IRQHandler
                0x080049b8                TIM7_IRQHandler
                0x080049b8                CAN2_TX_IRQHandler
                0x080049b8                TIM5_IRQHandler
                0x080049b8                EXTI9_5_IRQHandler
                0x080049b8                SPI2_IRQHandler
                0x080049b8                CAN1_TX_IRQHandler
                0x080049b8                DMA2_Channel5_IRQHandler
                0x080049b8                DMA1_Channel5_IRQHandler
                0x080049b8                EXTI4_IRQHandler
                0x080049b8                TIM1_UP_IRQHandler
                0x080049b8                WWDG_IRQHandler
                0x080049b8                OTG_FS_WKUP_IRQHandler
                0x080049b8                TIM1_BRK_IRQHandler
                0x080049b8                USART2_IRQHandler
                0x080049b8                I2C2_ER_IRQHandler
                0x080049b8                CAN1_SCE_IRQHandler
                0x080049b8                FLASH_IRQHandler
                0x080049b8                USART1_IRQHandler
                0x080049b8                OTG_FS_IRQHandler
                0x080049b8                SPI3_IRQHandler
                0x080049b8                I2C1_ER_IRQHandler
                0x080049b8                DMA2_Channel3_IRQHandler
 *fill*         0x080049ba        0x2 
 .text.sprintf  0x080049bc       0x48 c:/program files (x86)/atollic/truestudio for arm 8.0.0/armtools/bin/../lib/gcc/arm-atollic-eabi/6.3.1/../../../../arm-atollic-eabi/lib/armv7-m\libc_nano.a(lib_a-sprintf.o)
                0x080049bc                siprintf
                0x080049bc                sprintf
 .text.__ssputs_r
                0x08004a04       0xb6 c:/program files (x86)/atollic/truestudio for arm 8.0.0/armtools/bin/../lib/gcc/arm-atollic-eabi/6.3.1/../../../../arm-atollic-eabi/lib/armv7-m\libc_nano.a(lib_a-nano-svfprintf.o)
                0x08004a04                __ssputs_r
 *fill*         0x08004aba        0x2 
 .text._svfprintf_r
                0x08004abc      0x1e8 c:/program files (x86)/atollic/truestudio for arm 8.0.0/armtools/bin/../lib/gcc/arm-atollic-eabi/6.3.1/../../../../arm-atollic-eabi/lib/armv7-m\libc_nano.a(lib_a-nano-svfprintf.o)
                0x08004abc                _svfiprintf_r
                0x08004abc                _svfprintf_r
 .text._printf_common
                0x08004ca4       0xee c:/program files (x86)/atollic/truestudio for arm 8.0.0/armtools/bin/../lib/gcc/arm-atollic-eabi/6.3.1/../../../../arm-atollic-eabi/lib/armv7-m\libc_nano.a(lib_a-nano-vfprintf_i.o)
                0x08004ca4                _printf_common
 *fill*         0x08004d92        0x2 
 .text._printf_i
                0x08004d94      0x240 c:/program files (x86)/atollic/truestudio for arm 8.0.0/armtools/bin/../lib/gcc/arm-atollic-eabi/6.3.1/../../../../arm-atollic-eabi/lib/armv7-m\libc_nano.a(lib_a-nano-vfprintf_i.o)
                0x08004d94                _printf_i
 .text.memchr   0x08004fd4       0x1c c:/program files (x86)/atollic/truestudio for arm 8.0.0/armtools/bin/../lib/gcc/arm-atollic-eabi/6.3.1/../../../../arm-atollic-eabi/lib/armv7-m\libc_nano.a(lib_a-memchr-stub.o)
                0x08004fd4                memchr
 .text.memcpy   0x08004ff0       0x16 c:/program files (x86)/atollic/truestudio for arm 8.0.0/armtools/bin/../lib/gcc/arm-atollic-eabi/6.3.1/../../../../arm-atollic-eabi/lib/armv7-m\libc_nano.a(lib_a-memcpy-stub.o)
                0x08004ff0                memcpy
 .text.memmove  0x08005006       0x34 c:/program files (x86)/atollic/truestudio for arm 8.0.0/armtools/bin/../lib/gcc/arm-atollic-eabi/6.3.1/../../../../arm-atollic-eabi/lib/armv7-m\libc_nano.a(lib_a-memmove.o)
                0x08005006                memmove
 *fill*         0x0800503a        0x2 
 .text._free_r  0x0800503c       0x98 c:/program files (x86)/atollic/truestudio for arm 8.0.0/armtools/bin/../lib/gcc/arm-atollic-eabi/6.3.1/../../../../arm-atollic-eabi/lib/armv7-m\libc_nano.a(lib_a-nano-freer.o)
                0x0800503c                _free_r
 .text._malloc_r
                0x080050d4       0xbc c:/program files (x86)/atollic/truestudio for arm 8.0.0/armtools/bin/../lib/gcc/arm-atollic-eabi/6.3.1/../../../../arm-atollic-eabi/lib/armv7-m\libc_nano.a(lib_a-nano-mallocr.o)
                0x080050d4                _malloc_r
 .text._realloc_r
                0x08005190       0x4c c:/program files (x86)/atollic/truestudio for arm 8.0.0/armtools/bin/../lib/gcc/arm-atollic-eabi/6.3.1/../../../../arm-atollic-eabi/lib/armv7-m\libc_nano.a(lib_a-nano-reallocr.o)
                0x08005190                _realloc_r
 .text._sbrk_r  0x080051dc       0x20 c:/program files (x86)/atollic/truestudio for arm 8.0.0/armtools/bin/../lib/gcc/arm-atollic-eabi/6.3.1/../../../../arm-atollic-eabi/lib/armv7-m\libc_nano.a(lib_a-sbrkr.o)
                0x080051dc                _sbrk_r
 .text.__malloc_lock
                0x080051fc        0x2 c:/program files (x86)/atollic/truestudio for arm 8.0.0/armtools/bin/../lib/gcc/arm-atollic-eabi/6.3.1/../../../../arm-atollic-eabi/lib/armv7-m\libc_nano.a(lib_a-mlock.o)
                0x080051fc                __malloc_lock
 .text.__malloc_unlock
                0x080051fe        0x2 c:/program files (x86)/atollic/truestudio for arm 8.0.0/armtools/bin/../lib/gcc/arm-atollic-eabi/6.3.1/../../../../arm-atollic-eabi/lib/armv7-m\libc_nano.a(lib_a-mlock.o)
                0x080051fe                __malloc_unlock
 .text._malloc_usable_size_r
                0x08005200       0x12 c:/program files (x86)/atollic/truestudio for arm 8.0.0/armtools/bin/../lib/gcc/arm-atollic-eabi/6.3.1/../../../../arm-atollic-eabi/lib/armv7-m\libc_nano.a(lib_a-nano-msizer.o)
                0x08005200                _malloc_usable_size_r
 *fill*         0x08005212        0x2 
 .text._sbrk    0x08005214       0x1c c:/program files (x86)/atollic/truestudio for arm 8.0.0/armtools/bin/../lib/gcc/arm-atollic-eabi/6.3.1/../../../../arm-atollic-eabi/lib/armv7-m\libnosys.a(sbrk.o)
                0x08005214                _sbrk
 *(.glue_7)
 .glue_7        0x08005230        0x0 linker stubs
 *(.glue_7t)
 .glue_7t       0x08005230        0x0 linker stubs
 *(.eh_frame)
 .eh_frame      0x08005230        0x0 c:/program files (x86)/atollic/truestudio for arm 8.0.0/armtools/bin/../lib/gcc/arm-atollic-eabi/6.3.1/armv7-m/crtbegin.o
 *(.init)
 .init          0x08005230        0x4 c:/program files (x86)/atollic/truestudio for arm 8.0.0/armtools/bin/../lib/gcc/arm-atollic-eabi/6.3.1/armv7-m/crti.o
                0x08005230                _init
 .init          0x08005234        0x8 c:/program files (x86)/atollic/truestudio for arm 8.0.0/armtools/bin/../lib/gcc/arm-atollic-eabi/6.3.1/armv7-m/crtn.o
 *(.fini)
 .fini          0x0800523c        0x4 c:/program files (x86)/atollic/truestudio for arm 8.0.0/armtools/bin/../lib/gcc/arm-atollic-eabi/6.3.1/armv7-m/crti.o
                0x0800523c                _fini
 .fini          0x08005240        0x8 c:/program files (x86)/atollic/truestudio for arm 8.0.0/armtools/bin/../lib/gcc/arm-atollic-eabi/6.3.1/armv7-m/crtn.o
                0x08005248                . = ALIGN (0x4)
                0x08005248                _etext = .

.vfp11_veneer   0x08005248        0x0
 .vfp11_veneer  0x08005248        0x0 linker stubs

.v4_bx          0x08005248        0x0
 .v4_bx         0x08005248        0x0 linker stubs

.iplt           0x08005248        0x0
 .iplt          0x08005248        0x0 c:/program files (x86)/atollic/truestudio for arm 8.0.0/armtools/bin/../lib/gcc/arm-atollic-eabi/6.3.1/armv7-m/crtbegin.o

.rodata         0x08005248       0x6c
                0x08005248                . = ALIGN (0x4)
 *(.rodata)
 .rodata        0x08005248       0x1c Drivers\STM32F1xx_HAL_Driver\Src\stm32f1xx_hal_rcc.o
 *(.rodata*)
 .rodata.HAL_TIM_PeriodElapsedCallback.str1.1
                0x08005264        0x5 Src\main.o
 .rodata.AHBPrescTable
                0x08005269       0x10 Src\system_stm32f1xx.o
                0x08005269                AHBPrescTable
 .rodata.APBPrescTable
                0x08005279        0x8 Src\system_stm32f1xx.o
                0x08005279                APBPrescTable
 .rodata._svfprintf_r.str1.1
                0x08005281       0x11 c:/program files (x86)/atollic/truestudio for arm 8.0.0/armtools/bin/../lib/gcc/arm-atollic-eabi/6.3.1/../../../../arm-atollic-eabi/lib/armv7-m\libc_nano.a(lib_a-nano-svfprintf.o)
 .rodata._printf_i.str1.1
                0x08005292       0x22 c:/program files (x86)/atollic/truestudio for arm 8.0.0/armtools/bin/../lib/gcc/arm-atollic-eabi/6.3.1/../../../../arm-atollic-eabi/lib/armv7-m\libc_nano.a(lib_a-nano-vfprintf_i.o)
                0x080052b4                . = ALIGN (0x4)

.rel.dyn        0x080052b4        0x0
 .rel.iplt      0x080052b4        0x0 c:/program files (x86)/atollic/truestudio for arm 8.0.0/armtools/bin/../lib/gcc/arm-atollic-eabi/6.3.1/armv7-m/crtbegin.o

.ARM.extab
 *(.ARM.extab* .gnu.linkonce.armextab.*)

.ARM            0x080052b4        0x0
                0x080052b4                __exidx_start = .
 *(.ARM.exidx*)
                0x080052b4                __exidx_end = .

.preinit_array  0x080052b4        0x0
                [!provide]                PROVIDE (__preinit_array_start, .)
 *(.preinit_array*)
                [!provide]                PROVIDE (__preinit_array_end, .)

.init_array     0x080052b4        0x4
                [!provide]                PROVIDE (__init_array_start, .)
 *(SORT(.init_array.*))
 *(.init_array*)
 .init_array    0x080052b4        0x4 c:/program files (x86)/atollic/truestudio for arm 8.0.0/armtools/bin/../lib/gcc/arm-atollic-eabi/6.3.1/armv7-m/crtbegin.o
                [!provide]                PROVIDE (__init_array_end, .)

.fini_array     0x080052b8        0x4
                [!provide]                PROVIDE (__fini_array_start, .)
 *(SORT(.fini_array.*))
 *(.fini_array*)
 .fini_array    0x080052b8        0x4 c:/program files (x86)/atollic/truestudio for arm 8.0.0/armtools/bin/../lib/gcc/arm-atollic-eabi/6.3.1/armv7-m/crtbegin.o
                [!provide]                PROVIDE (__fini_array_end, .)
                0x080052bc                _sidata = LOADADDR (.data)

.data           0x20000000       0x70 load address 0x080052bc
                0x20000000                . = ALIGN (0x4)
                0x20000000                _sdata = .
 *(.data)
 *(.data*)
 .data.injector_pwm
                0x20000000        0x4 Src\main.o
                0x20000000                injector_pwm
 .data.temperature
                0x20000004        0x4 Src\main.o
                0x20000004                temperature
 .data.SystemCoreClock
                0x20000008        0x4 Src\system_stm32f1xx.o
                0x20000008                SystemCoreClock
 .data._impure_ptr
                0x2000000c        0x4 c:/program files (x86)/atollic/truestudio for arm 8.0.0/armtools/bin/../lib/gcc/arm-atollic-eabi/6.3.1/../../../../arm-atollic-eabi/lib/armv7-m\libc_nano.a(lib_a-impure.o)
                0x2000000c                _impure_ptr
 .data.impure_data
                0x20000010       0x60 c:/program files (x86)/atollic/truestudio for arm 8.0.0/armtools/bin/../lib/gcc/arm-atollic-eabi/6.3.1/../../../../arm-atollic-eabi/lib/armv7-m\libc_nano.a(lib_a-impure.o)
                0x20000070                . = ALIGN (0x4)
                0x20000070                _edata = .

.igot.plt       0x20000070        0x0 load address 0x0800532c
 .igot.plt      0x20000070        0x0 c:/program files (x86)/atollic/truestudio for arm 8.0.0/armtools/bin/../lib/gcc/arm-atollic-eabi/6.3.1/armv7-m/crtbegin.o
                0x20000070                . = ALIGN (0x4)

.bss            0x20000070      0x41c load address 0x0800532c
                0x20000070                _sbss = .
                0x20000070                __bss_start__ = _sbss
 *(.bss)
 .bss           0x20000070       0x1c c:/program files (x86)/atollic/truestudio for arm 8.0.0/armtools/bin/../lib/gcc/arm-atollic-eabi/6.3.1/armv7-m/crtbegin.o
 *(.bss*)
 .bss.uwTick    0x2000008c        0x4 Drivers\STM32F1xx_HAL_Driver\Src\stm32f1xx_hal.o
 .bss.KontrSumma
                0x20000090        0x1 Src\main.o
                0x20000090                KontrSumma
 .bss.NPackage  0x20000091        0x1 Src\main.o
                0x20000091                NPackage
 .bss.marBFM    0x20000092        0x1 Src\main.o
                0x20000092                marBFM
 .bss.nByte     0x20000093        0x1 Src\main.o
                0x20000093                nByte
 .bss.rBFM      0x20000094        0x1 Src\main.o
                0x20000094                rBFM
 .bss.rst_count
                0x20000095        0x1 Src\main.o
                0x20000095                rst_count
 *fill*         0x20000096        0x2 
 .bss.time      0x20000098        0x4 Src\main.o
                0x20000098                time
 .bss.wBFM      0x2000009c        0x1 Src\main.o
                0x2000009c                wBFM
 *fill*         0x2000009d        0x3 
 .bss.__malloc_free_list
                0x200000a0        0x4 c:/program files (x86)/atollic/truestudio for arm 8.0.0/armtools/bin/../lib/gcc/arm-atollic-eabi/6.3.1/../../../../arm-atollic-eabi/lib/armv7-m\libc_nano.a(lib_a-nano-mallocr.o)
                0x200000a0                __malloc_free_list
 .bss.__malloc_sbrk_start
                0x200000a4        0x4 c:/program files (x86)/atollic/truestudio for arm 8.0.0/armtools/bin/../lib/gcc/arm-atollic-eabi/6.3.1/../../../../arm-atollic-eabi/lib/armv7-m\libc_nano.a(lib_a-nano-mallocr.o)
                0x200000a4                __malloc_sbrk_start
 .bss.heap_end.4116
                0x200000a8        0x4 c:/program files (x86)/atollic/truestudio for arm 8.0.0/armtools/bin/../lib/gcc/arm-atollic-eabi/6.3.1/../../../../arm-atollic-eabi/lib/armv7-m\libnosys.a(sbrk.o)
 *(COMMON)
 COMMON         0x200000ac      0x3dc Src\main.o
                0x200000ac                ADC
                0x200000cc                in
                0x20000100                startDvs
                0x20000104                htim4
                0x20000140                cx
                0x20000150                rk
                0x20000154                hdma_usart3_rx
                0x2000018c                huart3
                0x200001cc                flMem
                0x200001d0                chgCurrSmooth
                0x200001d4                TI0
                0x200001d8                tacho_result
                0x200001dc                hdma_usart3_tx
                0x20000214                r0
                0x20000218                bat3_pr
                0x2000021c                htim3
                0x20000258                state
                0x20000260                maxChg
                0x20000264                hadc1
                0x20000294                RK_code
                0x200002d8                Wh
                0x200002dc                tacho
                0x200002e0                val
                0x20000314                chgCurrent
                0x20000318                smoothCurrent
                0x2000031c                current
                0x20000320                rpm
                0x20000324                hdma_adc1
                0x2000035c                SteckPoint
                0x2000035d                rgAnswer
                0x2000035e                flRun
                0x2000035f                BuferFromModem
                0x20000391                data
                0x200003a1                rst_src
                0x200003a4                smoothCurrentMax
                0x200003a8                pwm
                0x200003b8                transmitBuffer
                0x200003bc                bat
                0x200003c0                htim2
                0x200003fc                BufferInModem
                0x2000043c                cap
                0x20000440                avg
                0x20000474                flTransmiter
                0x20000475                receiveBuffer
                0x20000478                ice
 COMMON         0x20000488        0x4 c:/program files (x86)/atollic/truestudio for arm 8.0.0/armtools/bin/../lib/gcc/arm-atollic-eabi/6.3.1/../../../../arm-atollic-eabi/lib/armv7-m\libc_nano.a(lib_a-reent.o)
                0x20000488                errno
                0x2000048c                . = ALIGN (0x4)
                0x2000048c                _ebss = .
                0x2000048c                __bss_end__ = _ebss

._user_heap_stack
                0x2000048c      0x600 load address 0x0800532c
                0x2000048c                . = ALIGN (0x4)
                0x2000048c                PROVIDE (end, .)
                [!provide]                PROVIDE (_end, .)
                0x2000068c                . = (. + _Min_Heap_Size)
 *fill*         0x2000048c      0x200 
                0x20000a8c                . = (. + _Min_Stack_Size)
 *fill*         0x2000068c      0x400 
                0x20000a8c                . = ALIGN (0x4)

/DISCARD/
 libc.a(*)
 libm.a(*)
 libgcc.a(*)

.ARM.attributes
                0x00000000       0x29
 *(.ARM.attributes)
 .ARM.attributes
                0x00000000       0x1d c:/program files (x86)/atollic/truestudio for arm 8.0.0/armtools/bin/../lib/gcc/arm-atollic-eabi/6.3.1/armv7-m/crti.o
 .ARM.attributes
                0x0000001d       0x2d c:/program files (x86)/atollic/truestudio for arm 8.0.0/armtools/bin/../lib/gcc/arm-atollic-eabi/6.3.1/armv7-m/crtbegin.o
 .ARM.attributes
                0x0000004a       0x33 Drivers\STM32F1xx_HAL_Driver\Src\stm32f1xx_hal.o
 .ARM.attributes
                0x0000007d       0x33 Drivers\STM32F1xx_HAL_Driver\Src\stm32f1xx_hal_adc.o
 .ARM.attributes
                0x000000b0       0x33 Drivers\STM32F1xx_HAL_Driver\Src\stm32f1xx_hal_cortex.o
 .ARM.attributes
                0x000000e3       0x33 Drivers\STM32F1xx_HAL_Driver\Src\stm32f1xx_hal_dma.o
 .ARM.attributes
                0x00000116       0x33 Drivers\STM32F1xx_HAL_Driver\Src\stm32f1xx_hal_gpio.o
 .ARM.attributes
                0x00000149       0x33 Drivers\STM32F1xx_HAL_Driver\Src\stm32f1xx_hal_rcc.o
 .ARM.attributes
                0x0000017c       0x33 Drivers\STM32F1xx_HAL_Driver\Src\stm32f1xx_hal_rcc_ex.o
 .ARM.attributes
                0x000001af       0x33 Drivers\STM32F1xx_HAL_Driver\Src\stm32f1xx_hal_tim.o
 .ARM.attributes
                0x000001e2       0x33 Drivers\STM32F1xx_HAL_Driver\Src\stm32f1xx_hal_tim_ex.o
 .ARM.attributes
                0x00000215       0x33 Drivers\STM32F1xx_HAL_Driver\Src\stm32f1xx_hal_uart.o
 .ARM.attributes
                0x00000248       0x33 Src\main.o
 .ARM.attributes
                0x0000027b       0x33 Src\stm32f1xx_hal_msp.o
 .ARM.attributes
                0x000002ae       0x33 Src\stm32f1xx_it.o
 .ARM.attributes
                0x000002e1       0x33 Src\system_stm32f1xx.o
 .ARM.attributes
                0x00000314       0x21 startup\startup_stm32f105xc.o
 .ARM.attributes
                0x00000335       0x2d c:/program files (x86)/atollic/truestudio for arm 8.0.0/armtools/bin/../lib/gcc/arm-atollic-eabi/6.3.1/../../../../arm-atollic-eabi/lib/armv7-m\libc_nano.a(lib_a-sprintf.o)
 .ARM.attributes
                0x00000362       0x2d c:/program files (x86)/atollic/truestudio for arm 8.0.0/armtools/bin/../lib/gcc/arm-atollic-eabi/6.3.1/../../../../arm-atollic-eabi/lib/armv7-m\libc_nano.a(lib_a-impure.o)
 .ARM.attributes
                0x0000038f       0x2d c:/program files (x86)/atollic/truestudio for arm 8.0.0/armtools/bin/../lib/gcc/arm-atollic-eabi/6.3.1/../../../../arm-atollic-eabi/lib/armv7-m\libc_nano.a(lib_a-nano-svfprintf.o)
 .ARM.attributes
                0x000003bc       0x2d c:/program files (x86)/atollic/truestudio for arm 8.0.0/armtools/bin/../lib/gcc/arm-atollic-eabi/6.3.1/../../../../arm-atollic-eabi/lib/armv7-m\libc_nano.a(lib_a-nano-vfprintf_i.o)
 .ARM.attributes
                0x000003e9       0x2d c:/program files (x86)/atollic/truestudio for arm 8.0.0/armtools/bin/../lib/gcc/arm-atollic-eabi/6.3.1/../../../../arm-atollic-eabi/lib/armv7-m\libc_nano.a(lib_a-memchr-stub.o)
 .ARM.attributes
                0x00000416       0x2d c:/program files (x86)/atollic/truestudio for arm 8.0.0/armtools/bin/../lib/gcc/arm-atollic-eabi/6.3.1/../../../../arm-atollic-eabi/lib/armv7-m\libc_nano.a(lib_a-memcpy-stub.o)
 .ARM.attributes
                0x00000443       0x2d c:/program files (x86)/atollic/truestudio for arm 8.0.0/armtools/bin/../lib/gcc/arm-atollic-eabi/6.3.1/../../../../arm-atollic-eabi/lib/armv7-m\libc_nano.a(lib_a-memmove.o)
 .ARM.attributes
                0x00000470       0x2d c:/program files (x86)/atollic/truestudio for arm 8.0.0/armtools/bin/../lib/gcc/arm-atollic-eabi/6.3.1/../../../../arm-atollic-eabi/lib/armv7-m\libc_nano.a(lib_a-nano-freer.o)
 .ARM.attributes
                0x0000049d       0x2d c:/program files (x86)/atollic/truestudio for arm 8.0.0/armtools/bin/../lib/gcc/arm-atollic-eabi/6.3.1/../../../../arm-atollic-eabi/lib/armv7-m\libc_nano.a(lib_a-nano-mallocr.o)
 .ARM.attributes
                0x000004ca       0x2d c:/program files (x86)/atollic/truestudio for arm 8.0.0/armtools/bin/../lib/gcc/arm-atollic-eabi/6.3.1/../../../../arm-atollic-eabi/lib/armv7-m\libc_nano.a(lib_a-nano-reallocr.o)
 .ARM.attributes
                0x000004f7       0x2d c:/program files (x86)/atollic/truestudio for arm 8.0.0/armtools/bin/../lib/gcc/arm-atollic-eabi/6.3.1/../../../../arm-atollic-eabi/lib/armv7-m\libc_nano.a(lib_a-sbrkr.o)
 .ARM.attributes
                0x00000524       0x2d c:/program files (x86)/atollic/truestudio for arm 8.0.0/armtools/bin/../lib/gcc/arm-atollic-eabi/6.3.1/../../../../arm-atollic-eabi/lib/armv7-m\libc_nano.a(lib_a-mlock.o)
 .ARM.attributes
                0x00000551       0x2d c:/program files (x86)/atollic/truestudio for arm 8.0.0/armtools/bin/../lib/gcc/arm-atollic-eabi/6.3.1/../../../../arm-atollic-eabi/lib/armv7-m\libc_nano.a(lib_a-nano-msizer.o)
 .ARM.attributes
                0x0000057e       0x2d c:/program files (x86)/atollic/truestudio for arm 8.0.0/armtools/bin/../lib/gcc/arm-atollic-eabi/6.3.1/../../../../arm-atollic-eabi/lib/armv7-m\libc_nano.a(lib_a-reent.o)
 .ARM.attributes
                0x000005ab       0x1d c:/program files (x86)/atollic/truestudio for arm 8.0.0/armtools/bin/../lib/gcc/arm-atollic-eabi/6.3.1/armv7-m\libgcc.a(_arm_addsubdf3.o)
 .ARM.attributes
                0x000005c8       0x1d c:/program files (x86)/atollic/truestudio for arm 8.0.0/armtools/bin/../lib/gcc/arm-atollic-eabi/6.3.1/armv7-m\libgcc.a(_arm_muldivdf3.o)
 .ARM.attributes
                0x000005e5       0x1d c:/program files (x86)/atollic/truestudio for arm 8.0.0/armtools/bin/../lib/gcc/arm-atollic-eabi/6.3.1/armv7-m\libgcc.a(_arm_cmpdf2.o)
 .ARM.attributes
                0x00000602       0x1d c:/program files (x86)/atollic/truestudio for arm 8.0.0/armtools/bin/../lib/gcc/arm-atollic-eabi/6.3.1/armv7-m\libgcc.a(_arm_truncdfsf2.o)
 .ARM.attributes
                0x0000061f       0x1d c:/program files (x86)/atollic/truestudio for arm 8.0.0/armtools/bin/../lib/gcc/arm-atollic-eabi/6.3.1/armv7-m\libgcc.a(_arm_addsubsf3.o)
 .ARM.attributes
                0x0000063c       0x1d c:/program files (x86)/atollic/truestudio for arm 8.0.0/armtools/bin/../lib/gcc/arm-atollic-eabi/6.3.1/armv7-m\libgcc.a(_arm_muldivsf3.o)
 .ARM.attributes
                0x00000659       0x1d c:/program files (x86)/atollic/truestudio for arm 8.0.0/armtools/bin/../lib/gcc/arm-atollic-eabi/6.3.1/armv7-m\libgcc.a(_arm_cmpsf2.o)
 .ARM.attributes
                0x00000676       0x1d c:/program files (x86)/atollic/truestudio for arm 8.0.0/armtools/bin/../lib/gcc/arm-atollic-eabi/6.3.1/armv7-m\libgcc.a(_arm_fixunssfsi.o)
 .ARM.attributes
                0x00000693       0x2d c:/program files (x86)/atollic/truestudio for arm 8.0.0/armtools/bin/../lib/gcc/arm-atollic-eabi/6.3.1/../../../../arm-atollic-eabi/lib/armv7-m\libnosys.a(sbrk.o)
 .ARM.attributes
                0x000006c0       0x1d c:/program files (x86)/atollic/truestudio for arm 8.0.0/armtools/bin/../lib/gcc/arm-atollic-eabi/6.3.1/armv7-m/crtn.o
OUTPUT(PMUv4.elf elf32-littlearm)

.debug_info     0x00000000    0x15fd8
 .debug_info    0x00000000      0xf7c Drivers\STM32F1xx_HAL_Driver\Src\stm32f1xx_hal.o
 .debug_info    0x00000f7c     0x187c Drivers\STM32F1xx_HAL_Driver\Src\stm32f1xx_hal_adc.o
 .debug_info    0x000027f8     0x14c8 Drivers\STM32F1xx_HAL_Driver\Src\stm32f1xx_hal_cortex.o
 .debug_info    0x00003cc0      0xeb6 Drivers\STM32F1xx_HAL_Driver\Src\stm32f1xx_hal_dma.o
 .debug_info    0x00004b76      0xe96 Drivers\STM32F1xx_HAL_Driver\Src\stm32f1xx_hal_gpio.o
 .debug_info    0x00005a0c     0x1cc2 Drivers\STM32F1xx_HAL_Driver\Src\stm32f1xx_hal_rcc.o
 .debug_info    0x000076ce     0x1472 Drivers\STM32F1xx_HAL_Driver\Src\stm32f1xx_hal_rcc_ex.o
 .debug_info    0x00008b40     0x3b1d Drivers\STM32F1xx_HAL_Driver\Src\stm32f1xx_hal_tim.o
 .debug_info    0x0000c65d     0x18e4 Drivers\STM32F1xx_HAL_Driver\Src\stm32f1xx_hal_tim_ex.o
 .debug_info    0x0000df41     0x1916 Drivers\STM32F1xx_HAL_Driver\Src\stm32f1xx_hal_uart.o
 .debug_info    0x0000f857     0x2f50 Src\main.o
 .debug_info    0x000127a7     0x1a07 Src\stm32f1xx_hal_msp.o
 .debug_info    0x000141ae     0x117b Src\stm32f1xx_it.o
 .debug_info    0x00015329      0xc48 Src\system_stm32f1xx.o
 .debug_info    0x00015f71       0x67 startup\startup_stm32f105xc.o

.debug_abbrev   0x00000000     0x2a8e
 .debug_abbrev  0x00000000      0x313 Drivers\STM32F1xx_HAL_Driver\Src\stm32f1xx_hal.o
 .debug_abbrev  0x00000313      0x32e Drivers\STM32F1xx_HAL_Driver\Src\stm32f1xx_hal_adc.o
 .debug_abbrev  0x00000641      0x37d Drivers\STM32F1xx_HAL_Driver\Src\stm32f1xx_hal_cortex.o
 .debug_abbrev  0x000009be      0x2a0 Drivers\STM32F1xx_HAL_Driver\Src\stm32f1xx_hal_dma.o
 .debug_abbrev  0x00000c5e      0x268 Drivers\STM32F1xx_HAL_Driver\Src\stm32f1xx_hal_gpio.o
 .debug_abbrev  0x00000ec6      0x347 Drivers\STM32F1xx_HAL_Driver\Src\stm32f1xx_hal_rcc.o
 .debug_abbrev  0x0000120d      0x30d Drivers\STM32F1xx_HAL_Driver\Src\stm32f1xx_hal_rcc_ex.o
 .debug_abbrev  0x0000151a      0x3bb Drivers\STM32F1xx_HAL_Driver\Src\stm32f1xx_hal_tim.o
 .debug_abbrev  0x000018d5      0x30d Drivers\STM32F1xx_HAL_Driver\Src\stm32f1xx_hal_tim_ex.o
 .debug_abbrev  0x00001be2      0x36c Drivers\STM32F1xx_HAL_Driver\Src\stm32f1xx_hal_uart.o
 .debug_abbrev  0x00001f4e      0x482 Src\main.o
 .debug_abbrev  0x000023d0      0x28e Src\stm32f1xx_hal_msp.o
 .debug_abbrev  0x0000265e      0x254 Src\stm32f1xx_it.o
 .debug_abbrev  0x000028b2      0x1ca Src\system_stm32f1xx.o
 .debug_abbrev  0x00002a7c       0x12 startup\startup_stm32f105xc.o

.debug_loc      0x00000000     0x7533
 .debug_loc     0x00000000       0x73 Drivers\STM32F1xx_HAL_Driver\Src\stm32f1xx_hal.o
 .debug_loc     0x00000073      0x996 Drivers\STM32F1xx_HAL_Driver\Src\stm32f1xx_hal_adc.o
 .debug_loc     0x00000a09      0x46b Drivers\STM32F1xx_HAL_Driver\Src\stm32f1xx_hal_cortex.o
 .debug_loc     0x00000e74      0x45c Drivers\STM32F1xx_HAL_Driver\Src\stm32f1xx_hal_dma.o
 .debug_loc     0x000012d0      0x36a Drivers\STM32F1xx_HAL_Driver\Src\stm32f1xx_hal_gpio.o
 .debug_loc     0x0000163a      0xa50 Drivers\STM32F1xx_HAL_Driver\Src\stm32f1xx_hal_rcc.o
 .debug_loc     0x0000208a      0x8a3 Drivers\STM32F1xx_HAL_Driver\Src\stm32f1xx_hal_rcc_ex.o
 .debug_loc     0x0000292d     0x3001 Drivers\STM32F1xx_HAL_Driver\Src\stm32f1xx_hal_tim.o
 .debug_loc     0x0000592e      0x746 Drivers\STM32F1xx_HAL_Driver\Src\stm32f1xx_hal_tim_ex.o
 .debug_loc     0x00006074      0xd78 Drivers\STM32F1xx_HAL_Driver\Src\stm32f1xx_hal_uart.o
 .debug_loc     0x00006dec      0x3ee Src\main.o
 .debug_loc     0x000071da      0x17f Src\stm32f1xx_hal_msp.o
 .debug_loc     0x00007359      0x1da Src\system_stm32f1xx.o

.debug_aranges  0x00000000      0x978
 .debug_aranges
                0x00000000       0xa8 Drivers\STM32F1xx_HAL_Driver\Src\stm32f1xx_hal.o
 .debug_aranges
                0x000000a8       0xc8 Drivers\STM32F1xx_HAL_Driver\Src\stm32f1xx_hal_adc.o
 .debug_aranges
                0x00000170       0x90 Drivers\STM32F1xx_HAL_Driver\Src\stm32f1xx_hal_cortex.o
 .debug_aranges
                0x00000200       0x60 Drivers\STM32F1xx_HAL_Driver\Src\stm32f1xx_hal_dma.o
 .debug_aranges
                0x00000260       0x58 Drivers\STM32F1xx_HAL_Driver\Src\stm32f1xx_hal_gpio.o
 .debug_aranges
                0x000002b8       0x88 Drivers\STM32F1xx_HAL_Driver\Src\stm32f1xx_hal_rcc.o
 .debug_aranges
                0x00000340       0x50 Drivers\STM32F1xx_HAL_Driver\Src\stm32f1xx_hal_rcc_ex.o
 .debug_aranges
                0x00000390      0x250 Drivers\STM32F1xx_HAL_Driver\Src\stm32f1xx_hal_tim.o
 .debug_aranges
                0x000005e0       0xe8 Drivers\STM32F1xx_HAL_Driver\Src\stm32f1xx_hal_tim_ex.o
 .debug_aranges
                0x000006c8      0x108 Drivers\STM32F1xx_HAL_Driver\Src\stm32f1xx_hal_uart.o
 .debug_aranges
                0x000007d0       0x78 Src\main.o
 .debug_aranges
                0x00000848       0x58 Src\stm32f1xx_hal_msp.o
 .debug_aranges
                0x000008a0       0x88 Src\stm32f1xx_it.o
 .debug_aranges
                0x00000928       0x28 Src\system_stm32f1xx.o
 .debug_aranges
                0x00000950       0x28 startup\startup_stm32f105xc.o

.debug_ranges   0x00000000      0xf78
 .debug_ranges  0x00000000       0x98 Drivers\STM32F1xx_HAL_Driver\Src\stm32f1xx_hal.o
 .debug_ranges  0x00000098       0xb8 Drivers\STM32F1xx_HAL_Driver\Src\stm32f1xx_hal_adc.o
 .debug_ranges  0x00000150      0x128 Drivers\STM32F1xx_HAL_Driver\Src\stm32f1xx_hal_cortex.o
 .debug_ranges  0x00000278       0x80 Drivers\STM32F1xx_HAL_Driver\Src\stm32f1xx_hal_dma.o
 .debug_ranges  0x000002f8       0x60 Drivers\STM32F1xx_HAL_Driver\Src\stm32f1xx_hal_gpio.o
 .debug_ranges  0x00000358      0x298 Drivers\STM32F1xx_HAL_Driver\Src\stm32f1xx_hal_rcc.o
 .debug_ranges  0x000005f0      0x178 Drivers\STM32F1xx_HAL_Driver\Src\stm32f1xx_hal_rcc_ex.o
 .debug_ranges  0x00000768      0x328 Drivers\STM32F1xx_HAL_Driver\Src\stm32f1xx_hal_tim.o
 .debug_ranges  0x00000a90       0xd8 Drivers\STM32F1xx_HAL_Driver\Src\stm32f1xx_hal_tim_ex.o
 .debug_ranges  0x00000b68      0x140 Drivers\STM32F1xx_HAL_Driver\Src\stm32f1xx_hal_uart.o
 .debug_ranges  0x00000ca8      0x128 Src\main.o
 .debug_ranges  0x00000dd0       0xf8 Src\stm32f1xx_hal_msp.o
 .debug_ranges  0x00000ec8       0x78 Src\stm32f1xx_it.o
 .debug_ranges  0x00000f40       0x18 Src\system_stm32f1xx.o
 .debug_ranges  0x00000f58       0x20 startup\startup_stm32f105xc.o

.debug_line     0x00000000     0x65bd
 .debug_line    0x00000000      0x422 Drivers\STM32F1xx_HAL_Driver\Src\stm32f1xx_hal.o
 .debug_line    0x00000422      0x8f5 Drivers\STM32F1xx_HAL_Driver\Src\stm32f1xx_hal_adc.o
 .debug_line    0x00000d17      0x42c Drivers\STM32F1xx_HAL_Driver\Src\stm32f1xx_hal_cortex.o
 .debug_line    0x00001143      0x996 Drivers\STM32F1xx_HAL_Driver\Src\stm32f1xx_hal_dma.o
 .debug_line    0x00001ad9      0x445 Drivers\STM32F1xx_HAL_Driver\Src\stm32f1xx_hal_gpio.o
 .debug_line    0x00001f1e      0x99c Drivers\STM32F1xx_HAL_Driver\Src\stm32f1xx_hal_rcc.o
 .debug_line    0x000028ba      0x6eb Drivers\STM32F1xx_HAL_Driver\Src\stm32f1xx_hal_rcc_ex.o
 .debug_line    0x00002fa5     0x1151 Drivers\STM32F1xx_HAL_Driver\Src\stm32f1xx_hal_tim.o
 .debug_line    0x000040f6      0x705 Drivers\STM32F1xx_HAL_Driver\Src\stm32f1xx_hal_tim_ex.o
 .debug_line    0x000047fb      0xa5f Drivers\STM32F1xx_HAL_Driver\Src\stm32f1xx_hal_uart.o
 .debug_line    0x0000525a      0x812 Src\main.o
 .debug_line    0x00005a6c      0x46c Src\stm32f1xx_hal_msp.o
 .debug_line    0x00005ed8      0x3dc Src\stm32f1xx_it.o
 .debug_line    0x000062b4      0x28b Src\system_stm32f1xx.o
 .debug_line    0x0000653f       0x7e startup\startup_stm32f105xc.o

.debug_str      0x00000000     0x3c21
 .debug_str     0x00000000      0xbf1 Drivers\STM32F1xx_HAL_Driver\Src\stm32f1xx_hal.o
                                0xca1 (size before relaxing)
 .debug_str     0x00000bf1      0x656 Drivers\STM32F1xx_HAL_Driver\Src\stm32f1xx_hal_adc.o
                                0xd01 (size before relaxing)
 .debug_str     0x00001247      0x2e1 Drivers\STM32F1xx_HAL_Driver\Src\stm32f1xx_hal_cortex.o
                                0xddf (size before relaxing)
 .debug_str     0x00001528      0x12e Drivers\STM32F1xx_HAL_Driver\Src\stm32f1xx_hal_dma.o
                                0x964 (size before relaxing)
 .debug_str     0x00001656      0x1d1 Drivers\STM32F1xx_HAL_Driver\Src\stm32f1xx_hal_gpio.o
                                0x886 (size before relaxing)
 .debug_str     0x00001827      0x32d Drivers\STM32F1xx_HAL_Driver\Src\stm32f1xx_hal_rcc.o
                                0xaa5 (size before relaxing)
 .debug_str     0x00001b54      0x1d6 Drivers\STM32F1xx_HAL_Driver\Src\stm32f1xx_hal_rcc_ex.o
                                0x967 (size before relaxing)
 .debug_str     0x00001d2a      0xef3 Drivers\STM32F1xx_HAL_Driver\Src\stm32f1xx_hal_tim.o
                               0x1783 (size before relaxing)
 .debug_str     0x00002c1d      0x4e9 Drivers\STM32F1xx_HAL_Driver\Src\stm32f1xx_hal_tim_ex.o
                               0x101d (size before relaxing)
 .debug_str     0x00003106      0x528 Drivers\STM32F1xx_HAL_Driver\Src\stm32f1xx_hal_uart.o
                                0xdde (size before relaxing)
 .debug_str     0x0000362e      0x409 Src\main.o
                               0x1ad0 (size before relaxing)
 .debug_str     0x00003a37       0x25 Src\stm32f1xx_hal_msp.o
                               0x123d (size before relaxing)
 .debug_str     0x00003a5c      0x145 Src\stm32f1xx_it.o
                                0xd1b (size before relaxing)
 .debug_str     0x00003ba1       0x80 Src\system_stm32f1xx.o
                                0x71c (size before relaxing)

.comment        0x00000000       0x7c
 .comment       0x00000000       0x7c Drivers\STM32F1xx_HAL_Driver\Src\stm32f1xx_hal.o
                                 0x7d (size before relaxing)
 .comment       0x0000007c       0x7d Drivers\STM32F1xx_HAL_Driver\Src\stm32f1xx_hal_adc.o
 .comment       0x0000007c       0x7d Drivers\STM32F1xx_HAL_Driver\Src\stm32f1xx_hal_cortex.o
 .comment       0x0000007c       0x7d Drivers\STM32F1xx_HAL_Driver\Src\stm32f1xx_hal_dma.o
 .comment       0x0000007c       0x7d Drivers\STM32F1xx_HAL_Driver\Src\stm32f1xx_hal_gpio.o
 .comment       0x0000007c       0x7d Drivers\STM32F1xx_HAL_Driver\Src\stm32f1xx_hal_rcc.o
 .comment       0x0000007c       0x7d Drivers\STM32F1xx_HAL_Driver\Src\stm32f1xx_hal_rcc_ex.o
 .comment       0x0000007c       0x7d Drivers\STM32F1xx_HAL_Driver\Src\stm32f1xx_hal_tim.o
 .comment       0x0000007c       0x7d Drivers\STM32F1xx_HAL_Driver\Src\stm32f1xx_hal_tim_ex.o
 .comment       0x0000007c       0x7d Drivers\STM32F1xx_HAL_Driver\Src\stm32f1xx_hal_uart.o
 .comment       0x0000007c       0x7d Src\main.o
 .comment       0x0000007c       0x7d Src\stm32f1xx_hal_msp.o
 .comment       0x0000007c       0x7d Src\stm32f1xx_it.o
 .comment       0x0000007c       0x7d Src\system_stm32f1xx.o

.debug_frame    0x00000000     0x2260
 .debug_frame   0x00000000      0x164 Drivers\STM32F1xx_HAL_Driver\Src\stm32f1xx_hal.o
 .debug_frame   0x00000164      0x298 Drivers\STM32F1xx_HAL_Driver\Src\stm32f1xx_hal_adc.o
 .debug_frame   0x000003fc      0x120 Drivers\STM32F1xx_HAL_Driver\Src\stm32f1xx_hal_cortex.o
 .debug_frame   0x0000051c      0x108 Drivers\STM32F1xx_HAL_Driver\Src\stm32f1xx_hal_dma.o
 .debug_frame   0x00000624       0xd4 Drivers\STM32F1xx_HAL_Driver\Src\stm32f1xx_hal_gpio.o
 .debug_frame   0x000006f8      0x14c Drivers\STM32F1xx_HAL_Driver\Src\stm32f1xx_hal_rcc.o
 .debug_frame   0x00000844       0xf8 Drivers\STM32F1xx_HAL_Driver\Src\stm32f1xx_hal_rcc_ex.o
 .debug_frame   0x0000093c      0x854 Drivers\STM32F1xx_HAL_Driver\Src\stm32f1xx_hal_tim.o
 .debug_frame   0x00001190      0x328 Drivers\STM32F1xx_HAL_Driver\Src\stm32f1xx_hal_tim_ex.o
 .debug_frame   0x000014b8      0x320 Drivers\STM32F1xx_HAL_Driver\Src\stm32f1xx_hal_uart.o
 .debug_frame   0x000017d8      0x168 Src\main.o
 .debug_frame   0x00001940       0xf4 Src\stm32f1xx_hal_msp.o
 .debug_frame   0x00001a34      0x12c Src\stm32f1xx_it.o
 .debug_frame   0x00001b60       0x3c Src\system_stm32f1xx.o
 .debug_frame   0x00001b9c       0x70 c:/program files (x86)/atollic/truestudio for arm 8.0.0/armtools/bin/../lib/gcc/arm-atollic-eabi/6.3.1/../../../../arm-atollic-eabi/lib/armv7-m\libc_nano.a(lib_a-sprintf.o)
 .debug_frame   0x00001c0c       0x90 c:/program files (x86)/atollic/truestudio for arm 8.0.0/armtools/bin/../lib/gcc/arm-atollic-eabi/6.3.1/../../../../arm-atollic-eabi/lib/armv7-m\libc_nano.a(lib_a-nano-svfprintf.o)
 .debug_frame   0x00001c9c       0x60 c:/program files (x86)/atollic/truestudio for arm 8.0.0/armtools/bin/../lib/gcc/arm-atollic-eabi/6.3.1/../../../../arm-atollic-eabi/lib/armv7-m\libc_nano.a(lib_a-nano-vfprintf_i.o)
 .debug_frame   0x00001cfc       0x28 c:/program files (x86)/atollic/truestudio for arm 8.0.0/armtools/bin/../lib/gcc/arm-atollic-eabi/6.3.1/../../../../arm-atollic-eabi/lib/armv7-m\libc_nano.a(lib_a-memchr-stub.o)
 .debug_frame   0x00001d24       0x28 c:/program files (x86)/atollic/truestudio for arm 8.0.0/armtools/bin/../lib/gcc/arm-atollic-eabi/6.3.1/../../../../arm-atollic-eabi/lib/armv7-m\libc_nano.a(lib_a-memcpy-stub.o)
 .debug_frame   0x00001d4c       0x28 c:/program files (x86)/atollic/truestudio for arm 8.0.0/armtools/bin/../lib/gcc/arm-atollic-eabi/6.3.1/../../../../arm-atollic-eabi/lib/armv7-m\libc_nano.a(lib_a-memmove.o)
 .debug_frame   0x00001d74       0x38 c:/program files (x86)/atollic/truestudio for arm 8.0.0/armtools/bin/../lib/gcc/arm-atollic-eabi/6.3.1/../../../../arm-atollic-eabi/lib/armv7-m\libc_nano.a(lib_a-nano-freer.o)
 .debug_frame   0x00001dac       0x2c c:/program files (x86)/atollic/truestudio for arm 8.0.0/armtools/bin/../lib/gcc/arm-atollic-eabi/6.3.1/../../../../arm-atollic-eabi/lib/armv7-m\libc_nano.a(lib_a-nano-mallocr.o)
 .debug_frame   0x00001dd8       0x3c c:/program files (x86)/atollic/truestudio for arm 8.0.0/armtools/bin/../lib/gcc/arm-atollic-eabi/6.3.1/../../../../arm-atollic-eabi/lib/armv7-m\libc_nano.a(lib_a-nano-reallocr.o)
 .debug_frame   0x00001e14       0x2c c:/program files (x86)/atollic/truestudio for arm 8.0.0/armtools/bin/../lib/gcc/arm-atollic-eabi/6.3.1/../../../../arm-atollic-eabi/lib/armv7-m\libc_nano.a(lib_a-sbrkr.o)
 .debug_frame   0x00001e40       0x30 c:/program files (x86)/atollic/truestudio for arm 8.0.0/armtools/bin/../lib/gcc/arm-atollic-eabi/6.3.1/../../../../arm-atollic-eabi/lib/armv7-m\libc_nano.a(lib_a-mlock.o)
 .debug_frame   0x00001e70       0x20 c:/program files (x86)/atollic/truestudio for arm 8.0.0/armtools/bin/../lib/gcc/arm-atollic-eabi/6.3.1/../../../../arm-atollic-eabi/lib/armv7-m\libc_nano.a(lib_a-nano-msizer.o)
 .debug_frame   0x00001e90       0x5c c:/program files (x86)/atollic/truestudio for arm 8.0.0/armtools/bin/../lib/gcc/arm-atollic-eabi/6.3.1/../../../../arm-atollic-eabi/lib/armv7-m\libc_nano.a(lib_a-reent.o)
 .debug_frame   0x00001eec       0xac c:/program files (x86)/atollic/truestudio for arm 8.0.0/armtools/bin/../lib/gcc/arm-atollic-eabi/6.3.1/armv7-m\libgcc.a(_arm_addsubdf3.o)
 .debug_frame   0x00001f98       0x50 c:/program files (x86)/atollic/truestudio for arm 8.0.0/armtools/bin/../lib/gcc/arm-atollic-eabi/6.3.1/armv7-m\libgcc.a(_arm_muldivdf3.o)
 .debug_frame   0x00001fe8       0xc4 c:/program files (x86)/atollic/truestudio for arm 8.0.0/armtools/bin/../lib/gcc/arm-atollic-eabi/6.3.1/armv7-m\libgcc.a(_arm_cmpdf2.o)
 .debug_frame   0x000020ac       0x24 c:/program files (x86)/atollic/truestudio for arm 8.0.0/armtools/bin/../lib/gcc/arm-atollic-eabi/6.3.1/armv7-m\libgcc.a(_arm_truncdfsf2.o)
 .debug_frame   0x000020d0       0x4c c:/program files (x86)/atollic/truestudio for arm 8.0.0/armtools/bin/../lib/gcc/arm-atollic-eabi/6.3.1/armv7-m\libgcc.a(_arm_addsubsf3.o)
 .debug_frame   0x0000211c       0x38 c:/program files (x86)/atollic/truestudio for arm 8.0.0/armtools/bin/../lib/gcc/arm-atollic-eabi/6.3.1/armv7-m\libgcc.a(_arm_muldivsf3.o)
 .debug_frame   0x00002154       0xc8 c:/program files (x86)/atollic/truestudio for arm 8.0.0/armtools/bin/../lib/gcc/arm-atollic-eabi/6.3.1/armv7-m\libgcc.a(_arm_cmpsf2.o)
 .debug_frame   0x0000221c       0x24 c:/program files (x86)/atollic/truestudio for arm 8.0.0/armtools/bin/../lib/gcc/arm-atollic-eabi/6.3.1/armv7-m\libgcc.a(_arm_fixunssfsi.o)
 .debug_frame   0x00002240       0x20 c:/program files (x86)/atollic/truestudio for arm 8.0.0/armtools/bin/../lib/gcc/arm-atollic-eabi/6.3.1/../../../../arm-atollic-eabi/lib/armv7-m\libnosys.a(sbrk.o)

Cross Reference Table

Symbol                                            File
ADC                                               Src\main.o
ADC1_2_IRQHandler                                 startup\startup_stm32f105xc.o
ADC_ConversionStop_Disable                        Drivers\STM32F1xx_HAL_Driver\Src\stm32f1xx_hal_adc.o
                                                  Drivers\STM32F1xx_HAL_Driver\Src\stm32f1xx_hal_adc_ex.o
ADC_DMAConvCplt                                   Drivers\STM32F1xx_HAL_Driver\Src\stm32f1xx_hal_adc.o
                                                  Drivers\STM32F1xx_HAL_Driver\Src\stm32f1xx_hal_adc_ex.o
ADC_DMAError                                      Drivers\STM32F1xx_HAL_Driver\Src\stm32f1xx_hal_adc.o
                                                  Drivers\STM32F1xx_HAL_Driver\Src\stm32f1xx_hal_adc_ex.o
ADC_DMAHalfConvCplt                               Drivers\STM32F1xx_HAL_Driver\Src\stm32f1xx_hal_adc.o
                                                  Drivers\STM32F1xx_HAL_Driver\Src\stm32f1xx_hal_adc_ex.o
ADC_Enable                                        Drivers\STM32F1xx_HAL_Driver\Src\stm32f1xx_hal_adc.o
                                                  Drivers\STM32F1xx_HAL_Driver\Src\stm32f1xx_hal_adc_ex.o
AHBPrescTable                                     Src\system_stm32f1xx.o
                                                  Drivers\STM32F1xx_HAL_Driver\Src\stm32f1xx_hal_rcc.o
APBPrescTable                                     Src\system_stm32f1xx.o
                                                  Drivers\STM32F1xx_HAL_Driver\Src\stm32f1xx_hal_rcc.o
BuferFromModem                                    Src\main.o
BufferInModem                                     Src\main.o
BusFault_Handler                                  Src\stm32f1xx_it.o
CAN1_RX0_IRQHandler                               startup\startup_stm32f105xc.o
CAN1_RX1_IRQHandler                               startup\startup_stm32f105xc.o
CAN1_SCE_IRQHandler                               startup\startup_stm32f105xc.o
CAN1_TX_IRQHandler                                startup\startup_stm32f105xc.o
CAN2_RX0_IRQHandler                               startup\startup_stm32f105xc.o
CAN2_RX1_IRQHandler                               startup\startup_stm32f105xc.o
CAN2_SCE_IRQHandler                               startup\startup_stm32f105xc.o
CAN2_TX_IRQHandler                                startup\startup_stm32f105xc.o
CountRun                                          Src\main.o
DMA1_Channel1_IRQHandler                          Src\stm32f1xx_it.o
DMA1_Channel2_IRQHandler                          Src\stm32f1xx_it.o
DMA1_Channel3_IRQHandler                          Src\stm32f1xx_it.o
DMA1_Channel4_IRQHandler                          startup\startup_stm32f105xc.o
DMA1_Channel5_IRQHandler                          startup\startup_stm32f105xc.o
DMA1_Channel6_IRQHandler                          startup\startup_stm32f105xc.o
DMA1_Channel7_IRQHandler                          startup\startup_stm32f105xc.o
DMA2_Channel1_IRQHandler                          startup\startup_stm32f105xc.o
DMA2_Channel2_IRQHandler                          startup\startup_stm32f105xc.o
DMA2_Channel3_IRQHandler                          startup\startup_stm32f105xc.o
DMA2_Channel4_IRQHandler                          startup\startup_stm32f105xc.o
DMA2_Channel5_IRQHandler                          startup\startup_stm32f105xc.o
DebugMon_Handler                                  Src\stm32f1xx_it.o
Default_Handler                                   startup\startup_stm32f105xc.o
EXTI0_IRQHandler                                  startup\startup_stm32f105xc.o
EXTI15_10_IRQHandler                              startup\startup_stm32f105xc.o
EXTI1_IRQHandler                                  Src\stm32f1xx_it.o
EXTI2_IRQHandler                                  Src\stm32f1xx_it.o
EXTI3_IRQHandler                                  startup\startup_stm32f105xc.o
EXTI4_IRQHandler                                  startup\startup_stm32f105xc.o
EXTI9_5_IRQHandler                                startup\startup_stm32f105xc.o
Error_Handler                                     Src\main.o
                                                  Src\stm32f1xx_hal_msp.o
FLASH_IRQHandler                                  startup\startup_stm32f105xc.o
FLASH_PageErase                                   Drivers\STM32F1xx_HAL_Driver\Src\stm32f1xx_hal_flash_ex.o
                                                  Drivers\STM32F1xx_HAL_Driver\Src\stm32f1xx_hal_flash.o
FLASH_WaitForLastOperation                        Drivers\STM32F1xx_HAL_Driver\Src\stm32f1xx_hal_flash.o
                                                  Drivers\STM32F1xx_HAL_Driver\Src\stm32f1xx_hal_flash_ex.o
HAL_ADCEx_Calibration_Start                       Drivers\STM32F1xx_HAL_Driver\Src\stm32f1xx_hal_adc_ex.o
HAL_ADCEx_InjectedConfigChannel                   Drivers\STM32F1xx_HAL_Driver\Src\stm32f1xx_hal_adc_ex.o
HAL_ADCEx_InjectedConvCpltCallback                Drivers\STM32F1xx_HAL_Driver\Src\stm32f1xx_hal_adc_ex.o
                                                  Drivers\STM32F1xx_HAL_Driver\Src\stm32f1xx_hal_adc.o
HAL_ADCEx_InjectedGetValue                        Drivers\STM32F1xx_HAL_Driver\Src\stm32f1xx_hal_adc_ex.o
HAL_ADCEx_InjectedPollForConversion               Drivers\STM32F1xx_HAL_Driver\Src\stm32f1xx_hal_adc_ex.o
HAL_ADCEx_InjectedStart                           Drivers\STM32F1xx_HAL_Driver\Src\stm32f1xx_hal_adc_ex.o
HAL_ADCEx_InjectedStart_IT                        Drivers\STM32F1xx_HAL_Driver\Src\stm32f1xx_hal_adc_ex.o
HAL_ADCEx_InjectedStop                            Drivers\STM32F1xx_HAL_Driver\Src\stm32f1xx_hal_adc_ex.o
HAL_ADCEx_InjectedStop_IT                         Drivers\STM32F1xx_HAL_Driver\Src\stm32f1xx_hal_adc_ex.o
HAL_ADCEx_MultiModeConfigChannel                  Drivers\STM32F1xx_HAL_Driver\Src\stm32f1xx_hal_adc_ex.o
HAL_ADCEx_MultiModeGetValue                       Drivers\STM32F1xx_HAL_Driver\Src\stm32f1xx_hal_adc_ex.o
HAL_ADCEx_MultiModeStart_DMA                      Drivers\STM32F1xx_HAL_Driver\Src\stm32f1xx_hal_adc_ex.o
HAL_ADCEx_MultiModeStop_DMA                       Drivers\STM32F1xx_HAL_Driver\Src\stm32f1xx_hal_adc_ex.o
HAL_ADC_AnalogWDGConfig                           Drivers\STM32F1xx_HAL_Driver\Src\stm32f1xx_hal_adc.o
HAL_ADC_ConfigChannel                             Drivers\STM32F1xx_HAL_Driver\Src\stm32f1xx_hal_adc.o
                                                  Src\main.o
HAL_ADC_ConvCpltCallback                          Drivers\STM32F1xx_HAL_Driver\Src\stm32f1xx_hal_adc.o
HAL_ADC_ConvHalfCpltCallback                      Drivers\STM32F1xx_HAL_Driver\Src\stm32f1xx_hal_adc.o
HAL_ADC_DeInit                                    Drivers\STM32F1xx_HAL_Driver\Src\stm32f1xx_hal_adc.o
HAL_ADC_ErrorCallback                             Drivers\STM32F1xx_HAL_Driver\Src\stm32f1xx_hal_adc.o
HAL_ADC_GetError                                  Drivers\STM32F1xx_HAL_Driver\Src\stm32f1xx_hal_adc.o
HAL_ADC_GetState                                  Drivers\STM32F1xx_HAL_Driver\Src\stm32f1xx_hal_adc.o
HAL_ADC_GetValue                                  Drivers\STM32F1xx_HAL_Driver\Src\stm32f1xx_hal_adc.o
HAL_ADC_IRQHandler                                Drivers\STM32F1xx_HAL_Driver\Src\stm32f1xx_hal_adc.o
HAL_ADC_Init                                      Drivers\STM32F1xx_HAL_Driver\Src\stm32f1xx_hal_adc.o
                                                  Src\main.o
HAL_ADC_LevelOutOfWindowCallback                  Drivers\STM32F1xx_HAL_Driver\Src\stm32f1xx_hal_adc.o
HAL_ADC_MspDeInit                                 Src\stm32f1xx_hal_msp.o
                                                  Drivers\STM32F1xx_HAL_Driver\Src\stm32f1xx_hal_adc.o
HAL_ADC_MspInit                                   Src\stm32f1xx_hal_msp.o
                                                  Drivers\STM32F1xx_HAL_Driver\Src\stm32f1xx_hal_adc.o
HAL_ADC_PollForConversion                         Drivers\STM32F1xx_HAL_Driver\Src\stm32f1xx_hal_adc.o
HAL_ADC_PollForEvent                              Drivers\STM32F1xx_HAL_Driver\Src\stm32f1xx_hal_adc.o
HAL_ADC_Start                                     Drivers\STM32F1xx_HAL_Driver\Src\stm32f1xx_hal_adc.o
HAL_ADC_Start_DMA                                 Drivers\STM32F1xx_HAL_Driver\Src\stm32f1xx_hal_adc.o
                                                  Src\main.o
HAL_ADC_Start_IT                                  Drivers\STM32F1xx_HAL_Driver\Src\stm32f1xx_hal_adc.o
HAL_ADC_Stop                                      Drivers\STM32F1xx_HAL_Driver\Src\stm32f1xx_hal_adc.o
HAL_ADC_Stop_DMA                                  Drivers\STM32F1xx_HAL_Driver\Src\stm32f1xx_hal_adc.o
HAL_ADC_Stop_IT                                   Drivers\STM32F1xx_HAL_Driver\Src\stm32f1xx_hal_adc.o
HAL_DBGMCU_DisableDBGSleepMode                    Drivers\STM32F1xx_HAL_Driver\Src\stm32f1xx_hal.o
HAL_DBGMCU_DisableDBGStandbyMode                  Drivers\STM32F1xx_HAL_Driver\Src\stm32f1xx_hal.o
HAL_DBGMCU_DisableDBGStopMode                     Drivers\STM32F1xx_HAL_Driver\Src\stm32f1xx_hal.o
HAL_DBGMCU_EnableDBGSleepMode                     Drivers\STM32F1xx_HAL_Driver\Src\stm32f1xx_hal.o
HAL_DBGMCU_EnableDBGStandbyMode                   Drivers\STM32F1xx_HAL_Driver\Src\stm32f1xx_hal.o
HAL_DBGMCU_EnableDBGStopMode                      Drivers\STM32F1xx_HAL_Driver\Src\stm32f1xx_hal.o
HAL_DMA_Abort                                     Drivers\STM32F1xx_HAL_Driver\Src\stm32f1xx_hal_dma.o
                                                  Drivers\STM32F1xx_HAL_Driver\Src\stm32f1xx_hal_uart.o
                                                  Drivers\STM32F1xx_HAL_Driver\Src\stm32f1xx_hal_tim.o
                                                  Drivers\STM32F1xx_HAL_Driver\Src\stm32f1xx_hal_adc_ex.o
                                                  Drivers\STM32F1xx_HAL_Driver\Src\stm32f1xx_hal_adc.o
HAL_DMA_DeInit                                    Drivers\STM32F1xx_HAL_Driver\Src\stm32f1xx_hal_dma.o
                                                  Src\stm32f1xx_hal_msp.o
HAL_DMA_GetError                                  Drivers\STM32F1xx_HAL_Driver\Src\stm32f1xx_hal_dma.o
HAL_DMA_GetState                                  Drivers\STM32F1xx_HAL_Driver\Src\stm32f1xx_hal_dma.o
HAL_DMA_IRQHandler                                Drivers\STM32F1xx_HAL_Driver\Src\stm32f1xx_hal_dma.o
                                                  Src\stm32f1xx_it.o
HAL_DMA_Init                                      Drivers\STM32F1xx_HAL_Driver\Src\stm32f1xx_hal_dma.o
                                                  Src\stm32f1xx_hal_msp.o
HAL_DMA_PollForTransfer                           Drivers\STM32F1xx_HAL_Driver\Src\stm32f1xx_hal_dma.o
HAL_DMA_Start                                     Drivers\STM32F1xx_HAL_Driver\Src\stm32f1xx_hal_dma.o
HAL_DMA_Start_IT                                  Drivers\STM32F1xx_HAL_Driver\Src\stm32f1xx_hal_dma.o
                                                  Drivers\STM32F1xx_HAL_Driver\Src\stm32f1xx_hal_uart.o
                                                  Drivers\STM32F1xx_HAL_Driver\Src\stm32f1xx_hal_tim_ex.o
                                                  Drivers\STM32F1xx_HAL_Driver\Src\stm32f1xx_hal_tim.o
                                                  Drivers\STM32F1xx_HAL_Driver\Src\stm32f1xx_hal_adc_ex.o
                                                  Drivers\STM32F1xx_HAL_Driver\Src\stm32f1xx_hal_adc.o
HAL_DeInit                                        Drivers\STM32F1xx_HAL_Driver\Src\stm32f1xx_hal.o
HAL_Delay                                         Drivers\STM32F1xx_HAL_Driver\Src\stm32f1xx_hal.o
                                                  Src\main.o
                                                  Drivers\STM32F1xx_HAL_Driver\Src\stm32f1xx_hal_rcc.o
HAL_FLASHEx_Erase                                 Drivers\STM32F1xx_HAL_Driver\Src\stm32f1xx_hal_flash_ex.o
HAL_FLASHEx_Erase_IT                              Drivers\STM32F1xx_HAL_Driver\Src\stm32f1xx_hal_flash_ex.o
HAL_FLASHEx_OBErase                               Drivers\STM32F1xx_HAL_Driver\Src\stm32f1xx_hal_flash_ex.o
HAL_FLASHEx_OBGetConfig                           Drivers\STM32F1xx_HAL_Driver\Src\stm32f1xx_hal_flash_ex.o
HAL_FLASHEx_OBGetUserData                         Drivers\STM32F1xx_HAL_Driver\Src\stm32f1xx_hal_flash_ex.o
HAL_FLASHEx_OBProgram                             Drivers\STM32F1xx_HAL_Driver\Src\stm32f1xx_hal_flash_ex.o
HAL_FLASH_EndOfOperationCallback                  Drivers\STM32F1xx_HAL_Driver\Src\stm32f1xx_hal_flash.o
HAL_FLASH_GetError                                Drivers\STM32F1xx_HAL_Driver\Src\stm32f1xx_hal_flash.o
HAL_FLASH_IRQHandler                              Drivers\STM32F1xx_HAL_Driver\Src\stm32f1xx_hal_flash.o
HAL_FLASH_Lock                                    Drivers\STM32F1xx_HAL_Driver\Src\stm32f1xx_hal_flash.o
HAL_FLASH_OB_Launch                               Drivers\STM32F1xx_HAL_Driver\Src\stm32f1xx_hal_flash.o
HAL_FLASH_OB_Lock                                 Drivers\STM32F1xx_HAL_Driver\Src\stm32f1xx_hal_flash.o
HAL_FLASH_OB_Unlock                               Drivers\STM32F1xx_HAL_Driver\Src\stm32f1xx_hal_flash.o
HAL_FLASH_OperationErrorCallback                  Drivers\STM32F1xx_HAL_Driver\Src\stm32f1xx_hal_flash.o
HAL_FLASH_Program                                 Drivers\STM32F1xx_HAL_Driver\Src\stm32f1xx_hal_flash.o
HAL_FLASH_Program_IT                              Drivers\STM32F1xx_HAL_Driver\Src\stm32f1xx_hal_flash.o
HAL_FLASH_Unlock                                  Drivers\STM32F1xx_HAL_Driver\Src\stm32f1xx_hal_flash.o
HAL_GPIOEx_ConfigEventout                         Drivers\STM32F1xx_HAL_Driver\Src\stm32f1xx_hal_gpio_ex.o
HAL_GPIOEx_DisableEventout                        Drivers\STM32F1xx_HAL_Driver\Src\stm32f1xx_hal_gpio_ex.o
HAL_GPIOEx_EnableEventout                         Drivers\STM32F1xx_HAL_Driver\Src\stm32f1xx_hal_gpio_ex.o
HAL_GPIO_DeInit                                   Drivers\STM32F1xx_HAL_Driver\Src\stm32f1xx_hal_gpio.o
                                                  Src\stm32f1xx_hal_msp.o
HAL_GPIO_EXTI_Callback                            Drivers\STM32F1xx_HAL_Driver\Src\stm32f1xx_hal_gpio.o
HAL_GPIO_EXTI_IRQHandler                          Drivers\STM32F1xx_HAL_Driver\Src\stm32f1xx_hal_gpio.o
                                                  Src\stm32f1xx_it.o
HAL_GPIO_Init                                     Drivers\STM32F1xx_HAL_Driver\Src\stm32f1xx_hal_gpio.o
                                                  Src\stm32f1xx_hal_msp.o
                                                  Src\main.o
                                                  Drivers\STM32F1xx_HAL_Driver\Src\stm32f1xx_hal_rcc.o
HAL_GPIO_LockPin                                  Drivers\STM32F1xx_HAL_Driver\Src\stm32f1xx_hal_gpio.o
HAL_GPIO_ReadPin                                  Drivers\STM32F1xx_HAL_Driver\Src\stm32f1xx_hal_gpio.o
HAL_GPIO_TogglePin                                Drivers\STM32F1xx_HAL_Driver\Src\stm32f1xx_hal_gpio.o
                                                  Src\main.o
HAL_GPIO_WritePin                                 Drivers\STM32F1xx_HAL_Driver\Src\stm32f1xx_hal_gpio.o
                                                  Src\main.o
HAL_GetDEVID                                      Drivers\STM32F1xx_HAL_Driver\Src\stm32f1xx_hal.o
HAL_GetHalVersion                                 Drivers\STM32F1xx_HAL_Driver\Src\stm32f1xx_hal.o
HAL_GetREVID                                      Drivers\STM32F1xx_HAL_Driver\Src\stm32f1xx_hal.o
HAL_GetTick                                       Drivers\STM32F1xx_HAL_Driver\Src\stm32f1xx_hal.o
                                                  Src\main.o
                                                  Drivers\STM32F1xx_HAL_Driver\Src\stm32f1xx_hal_uart.o
                                                  Drivers\STM32F1xx_HAL_Driver\Src\stm32f1xx_hal_rcc_ex.o
                                                  Drivers\STM32F1xx_HAL_Driver\Src\stm32f1xx_hal_rcc.o
                                                  Drivers\STM32F1xx_HAL_Driver\Src\stm32f1xx_hal_flash.o
                                                  Drivers\STM32F1xx_HAL_Driver\Src\stm32f1xx_hal_dma.o
                                                  Drivers\STM32F1xx_HAL_Driver\Src\stm32f1xx_hal_adc_ex.o
                                                  Drivers\STM32F1xx_HAL_Driver\Src\stm32f1xx_hal_adc.o
HAL_HalfDuplex_EnableReceiver                     Drivers\STM32F1xx_HAL_Driver\Src\stm32f1xx_hal_uart.o
HAL_HalfDuplex_EnableTransmitter                  Drivers\STM32F1xx_HAL_Driver\Src\stm32f1xx_hal_uart.o
HAL_HalfDuplex_Init                               Drivers\STM32F1xx_HAL_Driver\Src\stm32f1xx_hal_uart.o
HAL_IncTick                                       Drivers\STM32F1xx_HAL_Driver\Src\stm32f1xx_hal.o
                                                  Src\stm32f1xx_it.o
HAL_Init                                          Drivers\STM32F1xx_HAL_Driver\Src\stm32f1xx_hal.o
                                                  Src\main.o
HAL_InitTick                                      Drivers\STM32F1xx_HAL_Driver\Src\stm32f1xx_hal.o
                                                  Drivers\STM32F1xx_HAL_Driver\Src\stm32f1xx_hal_rcc.o
HAL_LIN_Init                                      Drivers\STM32F1xx_HAL_Driver\Src\stm32f1xx_hal_uart.o
HAL_LIN_SendBreak                                 Drivers\STM32F1xx_HAL_Driver\Src\stm32f1xx_hal_uart.o
HAL_MspDeInit                                     Drivers\STM32F1xx_HAL_Driver\Src\stm32f1xx_hal.o
HAL_MspInit                                       Src\stm32f1xx_hal_msp.o
                                                  Drivers\STM32F1xx_HAL_Driver\Src\stm32f1xx_hal.o
HAL_MultiProcessor_EnterMuteMode                  Drivers\STM32F1xx_HAL_Driver\Src\stm32f1xx_hal_uart.o
HAL_MultiProcessor_ExitMuteMode                   Drivers\STM32F1xx_HAL_Driver\Src\stm32f1xx_hal_uart.o
HAL_MultiProcessor_Init                           Drivers\STM32F1xx_HAL_Driver\Src\stm32f1xx_hal_uart.o
HAL_NVIC_ClearPendingIRQ                          Drivers\STM32F1xx_HAL_Driver\Src\stm32f1xx_hal_cortex.o
HAL_NVIC_DisableIRQ                               Drivers\STM32F1xx_HAL_Driver\Src\stm32f1xx_hal_cortex.o
                                                  Src\stm32f1xx_hal_msp.o
HAL_NVIC_EnableIRQ                                Drivers\STM32F1xx_HAL_Driver\Src\stm32f1xx_hal_cortex.o
                                                  Src\stm32f1xx_hal_msp.o
                                                  Src\main.o
HAL_NVIC_GetActive                                Drivers\STM32F1xx_HAL_Driver\Src\stm32f1xx_hal_cortex.o
HAL_NVIC_GetPendingIRQ                            Drivers\STM32F1xx_HAL_Driver\Src\stm32f1xx_hal_cortex.o
HAL_NVIC_GetPriority                              Drivers\STM32F1xx_HAL_Driver\Src\stm32f1xx_hal_cortex.o
HAL_NVIC_GetPriorityGrouping                      Drivers\STM32F1xx_HAL_Driver\Src\stm32f1xx_hal_cortex.o
HAL_NVIC_SetPendingIRQ                            Drivers\STM32F1xx_HAL_Driver\Src\stm32f1xx_hal_cortex.o
HAL_NVIC_SetPriority                              Drivers\STM32F1xx_HAL_Driver\Src\stm32f1xx_hal_cortex.o
                                                  Src\stm32f1xx_hal_msp.o
                                                  Src\main.o
                                                  Drivers\STM32F1xx_HAL_Driver\Src\stm32f1xx_hal.o
HAL_NVIC_SetPriorityGrouping                      Drivers\STM32F1xx_HAL_Driver\Src\stm32f1xx_hal_cortex.o
                                                  Src\stm32f1xx_hal_msp.o
                                                  Drivers\STM32F1xx_HAL_Driver\Src\stm32f1xx_hal.o
HAL_NVIC_SystemReset                              Drivers\STM32F1xx_HAL_Driver\Src\stm32f1xx_hal_cortex.o
                                                  Drivers\STM32F1xx_HAL_Driver\Src\stm32f1xx_hal_flash.o
HAL_PWR_ConfigPVD                                 Drivers\STM32F1xx_HAL_Driver\Src\stm32f1xx_hal_pwr.o
HAL_PWR_DeInit                                    Drivers\STM32F1xx_HAL_Driver\Src\stm32f1xx_hal_pwr.o
HAL_PWR_DisableBkUpAccess                         Drivers\STM32F1xx_HAL_Driver\Src\stm32f1xx_hal_pwr.o
HAL_PWR_DisablePVD                                Drivers\STM32F1xx_HAL_Driver\Src\stm32f1xx_hal_pwr.o
HAL_PWR_DisableSEVOnPend                          Drivers\STM32F1xx_HAL_Driver\Src\stm32f1xx_hal_pwr.o
HAL_PWR_DisableSleepOnExit                        Drivers\STM32F1xx_HAL_Driver\Src\stm32f1xx_hal_pwr.o
HAL_PWR_DisableWakeUpPin                          Drivers\STM32F1xx_HAL_Driver\Src\stm32f1xx_hal_pwr.o
HAL_PWR_EnableBkUpAccess                          Drivers\STM32F1xx_HAL_Driver\Src\stm32f1xx_hal_pwr.o
HAL_PWR_EnablePVD                                 Drivers\STM32F1xx_HAL_Driver\Src\stm32f1xx_hal_pwr.o
HAL_PWR_EnableSEVOnPend                           Drivers\STM32F1xx_HAL_Driver\Src\stm32f1xx_hal_pwr.o
HAL_PWR_EnableSleepOnExit                         Drivers\STM32F1xx_HAL_Driver\Src\stm32f1xx_hal_pwr.o
HAL_PWR_EnableWakeUpPin                           Drivers\STM32F1xx_HAL_Driver\Src\stm32f1xx_hal_pwr.o
HAL_PWR_EnterSLEEPMode                            Drivers\STM32F1xx_HAL_Driver\Src\stm32f1xx_hal_pwr.o
HAL_PWR_EnterSTANDBYMode                          Drivers\STM32F1xx_HAL_Driver\Src\stm32f1xx_hal_pwr.o
HAL_PWR_EnterSTOPMode                             Drivers\STM32F1xx_HAL_Driver\Src\stm32f1xx_hal_pwr.o
HAL_PWR_PVDCallback                               Drivers\STM32F1xx_HAL_Driver\Src\stm32f1xx_hal_pwr.o
HAL_PWR_PVD_IRQHandler                            Drivers\STM32F1xx_HAL_Driver\Src\stm32f1xx_hal_pwr.o
HAL_RCCEx_DisablePLL2                             Drivers\STM32F1xx_HAL_Driver\Src\stm32f1xx_hal_rcc_ex.o
HAL_RCCEx_DisablePLLI2S                           Drivers\STM32F1xx_HAL_Driver\Src\stm32f1xx_hal_rcc_ex.o
HAL_RCCEx_EnablePLL2                              Drivers\STM32F1xx_HAL_Driver\Src\stm32f1xx_hal_rcc_ex.o
HAL_RCCEx_EnablePLLI2S                            Drivers\STM32F1xx_HAL_Driver\Src\stm32f1xx_hal_rcc_ex.o
HAL_RCCEx_GetPeriphCLKConfig                      Drivers\STM32F1xx_HAL_Driver\Src\stm32f1xx_hal_rcc_ex.o
HAL_RCCEx_GetPeriphCLKFreq                        Drivers\STM32F1xx_HAL_Driver\Src\stm32f1xx_hal_rcc_ex.o
                                                  Drivers\STM32F1xx_HAL_Driver\Src\stm32f1xx_hal_adc_ex.o
                                                  Drivers\STM32F1xx_HAL_Driver\Src\stm32f1xx_hal_adc.o
HAL_RCCEx_PeriphCLKConfig                         Drivers\STM32F1xx_HAL_Driver\Src\stm32f1xx_hal_rcc_ex.o
                                                  Src\main.o
HAL_RCC_CSSCallback                               Drivers\STM32F1xx_HAL_Driver\Src\stm32f1xx_hal_rcc.o
HAL_RCC_ClockConfig                               Drivers\STM32F1xx_HAL_Driver\Src\stm32f1xx_hal_rcc.o
                                                  Src\main.o
HAL_RCC_DeInit                                    Drivers\STM32F1xx_HAL_Driver\Src\stm32f1xx_hal_rcc.o
HAL_RCC_DisableCSS                                Drivers\STM32F1xx_HAL_Driver\Src\stm32f1xx_hal_rcc.o
HAL_RCC_EnableCSS                                 Drivers\STM32F1xx_HAL_Driver\Src\stm32f1xx_hal_rcc.o
HAL_RCC_GetClockConfig                            Drivers\STM32F1xx_HAL_Driver\Src\stm32f1xx_hal_rcc.o
HAL_RCC_GetHCLKFreq                               Drivers\STM32F1xx_HAL_Driver\Src\stm32f1xx_hal_rcc.o
                                                  Src\main.o
                                                  Drivers\STM32F1xx_HAL_Driver\Src\stm32f1xx_hal.o
HAL_RCC_GetOscConfig                              Drivers\STM32F1xx_HAL_Driver\Src\stm32f1xx_hal_rcc.o
HAL_RCC_GetPCLK1Freq                              Drivers\STM32F1xx_HAL_Driver\Src\stm32f1xx_hal_rcc.o
                                                  Drivers\STM32F1xx_HAL_Driver\Src\stm32f1xx_hal_uart.o
HAL_RCC_GetPCLK2Freq                              Drivers\STM32F1xx_HAL_Driver\Src\stm32f1xx_hal_rcc.o
                                                  Drivers\STM32F1xx_HAL_Driver\Src\stm32f1xx_hal_uart.o
                                                  Drivers\STM32F1xx_HAL_Driver\Src\stm32f1xx_hal_rcc_ex.o
HAL_RCC_GetSysClockFreq                           Drivers\STM32F1xx_HAL_Driver\Src\stm32f1xx_hal_rcc.o